"../../../Engine/Plugins/Animation/ACLPlugin/Content/ACLAnimCurveCompressionSettings.uasset" 0
"../../../Engine/Plugins/Animation/ACLPlugin/Content/ACLAnimCurveCompressionSettings.uexp" 1
"../../../Engine/Plugins/Animation/ACLPlugin/Content/ACLAnimBoneCompressionSettings.uasset" 2
"../../../Engine/Plugins/Animation/ACLPlugin/Content/ACLAnimBoneCompressionSettings.uexp" 3
"../../../Engine/Plugins/2D/Paper2D/Content/PlaceholderTextures/DummySpriteTexture.ubulk" 4
"../../../Engine/Plugins/2D/Paper2D/Content/PlaceholderTextures/DummySpriteTexture.uasset" 5
"../../../Engine/Plugins/2D/Paper2D/Content/PlaceholderTextures/DummySpriteTexture.uexp" 6
"../../../Engine/Plugins/2D/Paper2D/Content/DummySprite.uasset" 7
"../../../Engine/Plugins/2D/Paper2D/Content/DummySprite.uexp" 8
"../../../Engine/Plugins/2D/Paper2D/Content/DefaultPaperTerrainMaterial.uasset" 9
"../../../Engine/Plugins/2D/Paper2D/Content/DefaultPaperTerrainMaterial.uexp" 10
"../../../Engine/Content/Animation/DefaultVariableFrameStrippingSettings.uasset" 11
"../../../Engine/Content/Animation/DefaultVariableFrameStrippingSettings.uexp" 12
"../../../Engine/Content/Animation/DefaultRecorderBoneCompression.uasset" 13
"../../../Engine/Content/Animation/DefaultRecorderBoneCompression.uexp" 14
"../../../Engine/Plugins/Animation/ControlRig/Content/Controls/DefaultGizmoLibraryNormalized.uasset" 15
"../../../Engine/Plugins/Animation/ControlRig/Content/Controls/DefaultGizmoLibraryNormalized.uexp" 16
"../../../Engine/Content/EngineSounds/Master.uasset" 17
"../../../Engine/Content/EngineSounds/Master.uexp" 18
"../../../Engine/Content/EngineMaterials/DefaultPhysicalMaterial.uasset" 19
"../../../Engine/Content/EngineMaterials/DefaultPhysicalMaterial.uexp" 20
"../../../Engine/Content/EngineMaterials/DefaultDestructiblePhysicalMaterial.uasset" 21
"../../../Engine/Content/EngineMaterials/DefaultDestructiblePhysicalMaterial.uexp" 22
"../../../Engine/Content/EngineFonts/Faces/DroidSansFallback.uexp" 23
"../../../Engine/Content/EngineFonts/Faces/DroidSansFallback.uasset" 24
"../../../Engine/Content/EngineFonts/Faces/DroidSansFallback.ufont" 25
"../../../Engine/Content/EngineFonts/Faces/RobotoRegular.uexp" 26
"../../../Engine/Content/EngineFonts/Faces/RobotoRegular.uasset" 27
"../../../Engine/Content/EngineFonts/Faces/RobotoRegular.ufont" 28
"../../../Engine/Content/EngineFonts/Faces/RobotoLight.uexp" 29
"../../../Engine/Content/EngineFonts/Faces/RobotoLight.uasset" 30
"../../../Engine/Content/EngineFonts/Faces/RobotoLight.ufont" 31
"../../../Engine/Content/EngineFonts/Faces/RobotoItalic.uexp" 32
"../../../Engine/Content/EngineFonts/Faces/RobotoItalic.uasset" 33
"../../../Engine/Content/EngineFonts/Faces/RobotoItalic.ufont" 34
"../../../Engine/Content/EngineFonts/Faces/RobotoBoldItalic.uexp" 35
"../../../Engine/Content/EngineFonts/Faces/RobotoBoldItalic.uasset" 36
"../../../Engine/Content/EngineFonts/Faces/RobotoBoldItalic.ufont" 37
"../../../Engine/Content/EngineFonts/Faces/RobotoBold.uexp" 38
"../../../Engine/Content/EngineFonts/Faces/RobotoBold.uasset" 39
"../../../Engine/Content/EngineFonts/Faces/RobotoBold.ufont" 40
"../../../Engine/Content/EngineFonts/Roboto.uasset" 41
"../../../Engine/Content/EngineFonts/Roboto.uexp" 42
"../../../Engine/Content/EngineFonts/Faces/DroidSansMono.uexp" 43
"../../../Engine/Content/EngineFonts/Faces/DroidSansMono.uasset" 44
"../../../Engine/Content/EngineFonts/Faces/DroidSansMono.ufont" 45
"../../../Engine/Content/EngineFonts/DroidSansMono.uasset" 46
"../../../Engine/Content/EngineFonts/DroidSansMono.uexp" 47
"../../../Engine/Plugins/Interchange/Runtime/Content/Pipelines/DefaultTexturePipeline.uasset" 48
"../../../Engine/Plugins/Interchange/Runtime/Content/Pipelines/DefaultTexturePipeline.uexp" 49
"../../../Engine/Plugins/Interchange/Runtime/Content/Pipelines/DefaultSceneLevelPipeline.uasset" 50
"../../../Engine/Plugins/Interchange/Runtime/Content/Pipelines/DefaultSceneLevelPipeline.uexp" 51
"../../../Engine/Plugins/Interchange/Runtime/Content/Pipelines/DefaultSceneAssetsPipeline.uasset" 52
"../../../Engine/Plugins/Interchange/Runtime/Content/Pipelines/DefaultSceneAssetsPipeline.uexp" 53
"../../../Engine/Plugins/Interchange/Runtime/Content/Pipelines/DefaultMaterialXPipeline.uasset" 54
"../../../Engine/Plugins/Interchange/Runtime/Content/Pipelines/DefaultMaterialXPipeline.uexp" 55
"../../../Engine/Plugins/Interchange/Runtime/Content/Pipelines/DefaultMaterialPipeline.uasset" 56
"../../../Engine/Plugins/Interchange/Runtime/Content/Pipelines/DefaultMaterialPipeline.uexp" 57
"../../../Engine/Plugins/Interchange/Runtime/Content/Pipelines/DefaultGLTFSceneAssetsPipeline.uasset" 58
"../../../Engine/Plugins/Interchange/Runtime/Content/Pipelines/DefaultGLTFSceneAssetsPipeline.uexp" 59
"../../../Engine/Plugins/Interchange/Runtime/Content/Pipelines/DefaultGLTFPipeline.uasset" 60
"../../../Engine/Plugins/Interchange/Runtime/Content/Pipelines/DefaultGLTFPipeline.uexp" 61
"../../../Engine/Plugins/Interchange/Runtime/Content/Pipelines/DefaultGLTFAssetsPipeline.uasset" 62
"../../../Engine/Plugins/Interchange/Runtime/Content/Pipelines/DefaultGLTFAssetsPipeline.uexp" 63
"../../../Engine/Plugins/Interchange/Runtime/Content/Pipelines/DefaultAssetsPipeline.uasset" 64
"../../../Engine/Plugins/Interchange/Runtime/Content/Pipelines/DefaultAssetsPipeline.uexp" 65
"../../../Engine/Content/MobileResources/HUD/VirtualJoystick_Thumb.uasset" 66
"../../../Engine/Content/MobileResources/HUD/VirtualJoystick_Thumb.uexp" 67
"../../../Engine/Content/MobileResources/HUD/VirtualJoystick_Background.uasset" 68
"../../../Engine/Content/MobileResources/HUD/VirtualJoystick_Background.uexp" 69
"../../../Engine/Content/MobileResources/HUD/DefaultVirtualJoysticks.uasset" 70
"../../../Engine/Content/MobileResources/HUD/DefaultVirtualJoysticks.uexp" 71
"../../../Engine/Content/EngineResources/GradientTexture0.uasset" 72
"../../../Engine/Content/EngineResources/GradientTexture0.uexp" 73
"../../../Engine/Content/EngineResources/Black.uasset" 74
"../../../Engine/Content/EngineResources/Black.uexp" 75
"../../../Engine/Content/EditorResources/S_Actor.ubulk" 76
"../../../Engine/Content/EditorResources/S_Actor.uasset" 77
"../../../Engine/Content/EditorResources/S_Actor.uexp" 78
"../../../Engine/Content/Functions/Engine_MaterialFunctions02/WorldPositionOffset/CameraOffset.uasset" 79
"../../../Engine/Content/Functions/Engine_MaterialFunctions02/WorldPositionOffset/CameraOffset.uexp" 80
"../../../Engine/Plugins/Animation/ControlRig/Content/M_Manip.uasset" 81
"../../../Engine/Plugins/Animation/ControlRig/Content/M_Manip.uexp" 82
"../../../Engine/Plugins/NNE/NNEDenoiser/Content/NNEDTOM_Output_Default.uasset" 83
"../../../Engine/Plugins/NNE/NNEDenoiser/Content/NNEDTOM_Output_Default.uexp" 84
"../../../Engine/Plugins/NNE/NNEDenoiser/Content/NNEDTOM_Output_Alpha.uasset" 85
"../../../Engine/Plugins/NNE/NNEDenoiser/Content/NNEDTOM_Output_Alpha.uexp" 86
"../../../Engine/Plugins/NNE/NNEDenoiser/Content/NNEDTIM_ColorAlbedoNormal_Default.uasset" 87
"../../../Engine/Plugins/NNE/NNEDenoiser/Content/NNEDTIM_ColorAlbedoNormal_Default.uexp" 88
"../../../Engine/Plugins/NNE/NNEDenoiser/Content/NNEDTIM_ColorAlbedoNormal_Alpha.uasset" 89
"../../../Engine/Plugins/NNE/NNEDenoiser/Content/NNEDTIM_ColorAlbedoNormal_Alpha.uexp" 90
"../../../Engine/Plugins/NNE/NNEDenoiser/Content/NNEDOM_Output_Default.uasset" 91
"../../../Engine/Plugins/NNE/NNEDenoiser/Content/NNEDOM_Output_Default.uexp" 92
"../../../Engine/Plugins/NNE/NNEDenoiser/Content/NNEDOM_Output_Alpha.uasset" 93
"../../../Engine/Plugins/NNE/NNEDenoiser/Content/NNEDOM_Output_Alpha.uexp" 94
"../../../Engine/Plugins/NNE/NNEDenoiser/Content/NNEDIM_HighQuality_Default.uasset" 95
"../../../Engine/Plugins/NNE/NNEDenoiser/Content/NNEDIM_HighQuality_Default.uexp" 96
"../../../Engine/Plugins/NNE/NNEDenoiser/Content/NNEDIM_HighQuality_Alpha.uasset" 97
"../../../Engine/Plugins/NNE/NNEDenoiser/Content/NNEDIM_HighQuality_Alpha.uexp" 98
"../../../Engine/Plugins/NNE/NNEDenoiser/Content/NNEDIM_ColorAlbedoNormal_Default.uasset" 99
"../../../Engine/Plugins/NNE/NNEDenoiser/Content/NNEDIM_ColorAlbedoNormal_Default.uexp" 100
"../../../Engine/Plugins/NNE/NNEDenoiser/Content/NNEDIM_ColorAlbedoNormal_Alpha.uasset" 101
"../../../Engine/Plugins/NNE/NNEDenoiser/Content/NNEDIM_ColorAlbedoNormal_Alpha.uexp" 102
"../../../Engine/Content/EditorResources/S_TriggerSphere.uasset" 103
"../../../Engine/Content/EditorResources/S_TriggerSphere.uexp" 104
"../../../Engine/Content/EditorResources/S_TriggerCapsule.uasset" 105
"../../../Engine/Content/EditorResources/S_TriggerCapsule.uexp" 106
"../../../Engine/Content/EditorResources/S_TriggerBox.uasset" 107
"../../../Engine/Content/EditorResources/S_TriggerBox.uexp" 108
"../../../Engine/Content/EditorResources/S_Trigger.ubulk" 109
"../../../Engine/Content/EditorResources/S_Trigger.uasset" 110
"../../../Engine/Content/EditorResources/S_Trigger.uexp" 111
"../../../Engine/Content/EditorResources/S_Terrain.ubulk" 112
"../../../Engine/Content/EditorResources/S_Terrain.uasset" 113
"../../../Engine/Content/EditorResources/S_Terrain.uexp" 114
"../../../Engine/Content/EditorResources/S_Solver.ubulk" 115
"../../../Engine/Content/EditorResources/S_Solver.uasset" 116
"../../../Engine/Content/EditorResources/S_Solver.uexp" 117
"../../../Engine/Content/EditorResources/S_BoxReflectionCapture.uasset" 118
"../../../Engine/Content/EditorResources/S_BoxReflectionCapture.uexp" 119
"../../../Engine/Content/EditorResources/BSPVertex.uasset" 120
"../../../Engine/Content/EditorResources/BSPVertex.uexp" 121
"../../../Engine/Content/EditorMaterials/PreviewShadowIndicator.ubulk" 122
"../../../Engine/Content/EditorMaterials/PreviewShadowIndicator.uasset" 123
"../../../Engine/Content/EditorMaterials/PreviewShadowIndicator.uexp" 124
"../../../Engine/Content/EditorMaterials/PreviewShadowIndicatorMaterial.uasset" 125
"../../../Engine/Content/EditorMaterials/PreviewShadowIndicatorMaterial.uexp" 126
"../../../Engine/Content/EditorMaterials/PhAT_UnselectedMaterial.uasset" 127
"../../../Engine/Content/EditorMaterials/PhAT_UnselectedMaterial.uexp" 128
"../../../Engine/Content/EditorMaterials/PhAT_NoCollisionMaterial.uasset" 129
"../../../Engine/Content/EditorMaterials/PhAT_NoCollisionMaterial.uexp" 130
"../../../Engine/Content/EditorLandscapeResources/WhiteSquareTexture.uasset" 131
"../../../Engine/Content/EditorLandscapeResources/WhiteSquareTexture.uexp" 132
"../../../Engine/Content/EditorLandscapeResources/LayerVisMaterial.uasset" 133
"../../../Engine/Content/EditorLandscapeResources/LayerVisMaterial.uexp" 134
"../../../Engine/Content/Functions/Engine_MaterialFunctions02/Utility/BreakOutFloat2Components.uasset" 135
"../../../Engine/Content/Functions/Engine_MaterialFunctions02/Utility/BreakOutFloat2Components.uexp" 136
"../../../Engine/Content/Functions/Engine_MaterialFunctions01/Texturing/ScaleUVsByCenter.uasset" 137
"../../../Engine/Content/Functions/Engine_MaterialFunctions01/Texturing/ScaleUVsByCenter.uexp" 138
"../../../Engine/Content/Functions/Engine_MaterialFunctions02/WorldPositionOffset/LocalPosition.uasset" 139
"../../../Engine/Content/Functions/Engine_MaterialFunctions02/WorldPositionOffset/LocalPosition.uexp" 140
"../../../Engine/Content/EngineMaterials/DefaultDiffuse.ubulk" 141
"../../../Engine/Content/EngineMaterials/DefaultDiffuse.uasset" 142
"../../../Engine/Content/EngineMaterials/DefaultDiffuse.uexp" 143
"../../../Engine/Content/Functions/Engine_MaterialFunctions01/Texturing/TextureCropping.uasset" 144
"../../../Engine/Content/Functions/Engine_MaterialFunctions01/Texturing/TextureCropping.uexp" 145
"../../../Engine/Content/Functions/Engine_MaterialFunctions02/ExampleContent/DebugNumberStrip.uasset" 146
"../../../Engine/Content/Functions/Engine_MaterialFunctions02/ExampleContent/DebugNumberStrip.uexp" 147
"../../../Engine/Content/Functions/Engine_MaterialFunctions01/Debug/DebugIntValues.uasset" 148
"../../../Engine/Content/Functions/Engine_MaterialFunctions01/Debug/DebugIntValues.uexp" 149
"../../../Engine/Content/EditorLandscapeResources/LandscapeLayerUsageMaterial.uasset" 150
"../../../Engine/Content/EditorLandscapeResources/LandscapeLayerUsageMaterial.uexp" 151
"../../../Engine/Content/EditorLandscapeResources/DefaultAlphaTexture.uasset" 152
"../../../Engine/Content/EditorLandscapeResources/DefaultAlphaTexture.uexp" 153
"../../../Engine/Content/EditorLandscapeResources/LandscapeDirtyMaterial.uasset" 154
"../../../Engine/Content/EditorLandscapeResources/LandscapeDirtyMaterial.uexp" 155
"../../../Engine/Content/Functions/Engine_MaterialFunctions02/Utility/VectorLength.uasset" 156
"../../../Engine/Content/Functions/Engine_MaterialFunctions02/Utility/VectorLength.uexp" 157
"../../../Engine/Content/Functions/Engine_MaterialFunctions02/Utility/BreakOutFloat3Components.uasset" 158
"../../../Engine/Content/Functions/Engine_MaterialFunctions02/Utility/BreakOutFloat3Components.uexp" 159
"../../../Engine/Content/Functions/Engine_MaterialFunctions02/WorldPositionOffset/ObjectScale.uasset" 160
"../../../Engine/Content/Functions/Engine_MaterialFunctions02/WorldPositionOffset/ObjectScale.uexp" 161
"../../../Engine/Content/Functions/Engine_MaterialFunctions02/SafeNormalize.uasset" 162
"../../../Engine/Content/Functions/Engine_MaterialFunctions02/SafeNormalize.uexp" 163
"../../../Engine/Plugins/Editor/SpeedTreeImporter/Content/SpeedTree9/UnpackInteger3.uasset" 164
"../../../Engine/Plugins/Editor/SpeedTreeImporter/Content/SpeedTree9/UnpackInteger3.uexp" 165
"../../../Engine/Plugins/Editor/SpeedTreeImporter/Content/SpeedTree9/UnpackDirection.uasset" 166
"../../../Engine/Plugins/Editor/SpeedTreeImporter/Content/SpeedTree9/UnpackDirection.uexp" 167
"../../../Engine/Plugins/Editor/SpeedTreeImporter/Content/SpeedTree9/game_wind_noise.ubulk" 168
"../../../Engine/Plugins/Editor/SpeedTreeImporter/Content/SpeedTree9/game_wind_noise.uasset" 169
"../../../Engine/Plugins/Editor/SpeedTreeImporter/Content/SpeedTree9/game_wind_noise.uexp" 170
"../../../Engine/Plugins/Editor/SpeedTreeImporter/Content/SpeedTree9/SpeedTreeWindMotion.uasset" 171
"../../../Engine/Plugins/Editor/SpeedTreeImporter/Content/SpeedTree9/SpeedTreeWindMotion.uexp" 172
"../../../Engine/Plugins/Editor/SpeedTreeImporter/Content/SpeedTree9/SpeedTreeBranchMotion.uasset" 173
"../../../Engine/Plugins/Editor/SpeedTreeImporter/Content/SpeedTree9/SpeedTreeBranchMotion.uexp" 174
"../../../Engine/Content/Functions/Engine_MaterialFunctions02/ObjectLocalBounds.uasset" 175
"../../../Engine/Content/Functions/Engine_MaterialFunctions02/ObjectLocalBounds.uexp" 176
"../../../Engine/Content/Functions/Engine_MaterialFunctions02/UVs/BoundingBoxBased_0-1_UVW.uasset" 177
"../../../Engine/Content/Functions/Engine_MaterialFunctions02/UVs/BoundingBoxBased_0-1_UVW.uexp" 178
"../../../Engine/Plugins/Editor/SpeedTreeImporter/Content/SpeedTree9/SpeedTreeWind.uasset" 179
"../../../Engine/Plugins/Editor/SpeedTreeImporter/Content/SpeedTree9/SpeedTreeWind.uexp" 180
"../../../Engine/Plugins/Editor/SpeedTreeImporter/Content/SpeedTree9/SpeedTreeCameraFacing.uasset" 181
"../../../Engine/Plugins/Editor/SpeedTreeImporter/Content/SpeedTree9/SpeedTreeCameraFacing.uexp" 182
"../../../Engine/Plugins/Editor/SpeedTreeImporter/Content/SpeedTree9/EmptyNormal.uasset" 183
"../../../Engine/Plugins/Editor/SpeedTreeImporter/Content/SpeedTree9/EmptyNormal.uexp" 184
"../../../Engine/Plugins/Editor/SpeedTreeImporter/Content/SpeedTree9/Empty.uasset" 185
"../../../Engine/Plugins/Editor/SpeedTreeImporter/Content/SpeedTree9/Empty.uexp" 186
"../../../Engine/Plugins/Editor/SpeedTreeImporter/Content/SpeedTree9/SpeedTreeMaster.uasset" 187
"../../../Engine/Plugins/Editor/SpeedTreeImporter/Content/SpeedTree9/SpeedTreeMaster.uexp" 188
"../../../Engine/Plugins/Editor/SpeedTreeImporter/Content/SpeedTree9/SpeedTreeBillboard.uasset" 189
"../../../Engine/Plugins/Editor/SpeedTreeImporter/Content/SpeedTree9/SpeedTreeBillboard.uexp" 190
"../../../Engine/Plugins/Editor/SpeedTreeImporter/Content/SpeedTree9/SpeedTreeBillboardMaster.uasset" 191
"../../../Engine/Plugins/Editor/SpeedTreeImporter/Content/SpeedTree9/SpeedTreeBillboardMaster.uexp" 192
"../../../Engine/Plugins/Animation/ControlRig/Content/Controls/ControlRigXRayMaterial.uasset" 193
"../../../Engine/Plugins/Animation/ControlRig/Content/Controls/ControlRigXRayMaterial.uexp" 194
"../../../Engine/Plugins/Animation/ControlRig/Content/Controls/ControlRigGizmoMaterial.uasset" 195
"../../../Engine/Plugins/Animation/ControlRig/Content/Controls/ControlRigGizmoMaterial.uexp" 196
"../../../Engine/Content/EngineResources/DefaultTexture.ubulk" 197
"../../../Engine/Content/EngineResources/DefaultTexture.uasset" 198
"../../../Engine/Content/EngineResources/DefaultTexture.uexp" 199
"../../../Engine/Content/EngineMaterials/RemoveSurfaceMaterial.uasset" 200
"../../../Engine/Content/EngineMaterials/RemoveSurfaceMaterial.uexp" 201
"../../../Engine/Content/EngineMaterials/PreintegratedSkinBRDF.uasset" 202
"../../../Engine/Content/EngineMaterials/PreintegratedSkinBRDF.uexp" 203
"../../../Engine/Content/EngineMaterials/DefaultCalibrationGrayscale.uasset" 204
"../../../Engine/Content/EngineMaterials/DefaultCalibrationGrayscale.uexp" 205
"../../../Engine/Content/EngineMaterials/PPM_DefaultCalibrationGrayscale.uasset" 206
"../../../Engine/Content/EngineMaterials/PPM_DefaultCalibrationGrayscale.uexp" 207
"../../../Engine/Content/EngineMaterials/DefaultCalibrationColor.uasset" 208
"../../../Engine/Content/EngineMaterials/DefaultCalibrationColor.uexp" 209
"../../../Engine/Content/EngineMaterials/PPM_DefaultCalibrationColor.uasset" 210
"../../../Engine/Content/EngineMaterials/PPM_DefaultCalibrationColor.uexp" 211
"../../../Engine/Content/EngineMaterials/PhAT_JointLimitMaterial.uasset" 212
"../../../Engine/Content/EngineMaterials/PhAT_JointLimitMaterial.uexp" 213
"../../../Engine/Content/EngineMaterials/NaniteHiddenSectionMaterial.uasset" 214
"../../../Engine/Content/EngineMaterials/NaniteHiddenSectionMaterial.uexp" 215
"../../../Engine/Content/EngineMaterials/InvalidLightmapSettings.ubulk" 216
"../../../Engine/Content/EngineMaterials/InvalidLightmapSettings.uasset" 217
"../../../Engine/Content/EngineMaterials/InvalidLightmapSettings.uexp" 218
"../../../Engine/Content/EngineMaterials/M_InvalidLightmapSettings.uasset" 219
"../../../Engine/Content/EngineMaterials/M_InvalidLightmapSettings.uexp" 220
"../../../Engine/Content/EngineMaterials/MiniFont.uasset" 221
"../../../Engine/Content/EngineMaterials/MiniFont.uexp" 222
"../../../Engine/Content/EngineMaterials/GizmoMaterial.uasset" 223
"../../../Engine/Content/EngineMaterials/GizmoMaterial.uexp" 224
"../../../Engine/Content/EngineMaterials/BaseFlattenDiffuseMap_VT.ubulk" 225
"../../../Engine/Content/EngineMaterials/BaseFlattenDiffuseMap_VT.uasset" 226
"../../../Engine/Content/EngineMaterials/BaseFlattenDiffuseMap_VT.uexp" 227
"../../../Engine/Content/EngineMaterials/BaseFlattenEmissiveMap_VT.ubulk" 228
"../../../Engine/Content/EngineMaterials/BaseFlattenEmissiveMap_VT.uasset" 229
"../../../Engine/Content/EngineMaterials/BaseFlattenEmissiveMap_VT.uexp" 230
"../../../Engine/Content/EngineMaterials/BaseFlattenGrayscaleMap_VT.ubulk" 231
"../../../Engine/Content/EngineMaterials/BaseFlattenGrayscaleMap_VT.uasset" 232
"../../../Engine/Content/EngineMaterials/BaseFlattenGrayscaleMap_VT.uexp" 233
"../../../Engine/Content/EngineMaterials/BaseFlattenLinearColor_VT.ubulk" 234
"../../../Engine/Content/EngineMaterials/BaseFlattenLinearColor_VT.uasset" 235
"../../../Engine/Content/EngineMaterials/BaseFlattenLinearColor_VT.uexp" 236
"../../../Engine/Content/EngineMaterials/BaseFlattenNormalMap_VT.ubulk" 237
"../../../Engine/Content/EngineMaterials/BaseFlattenNormalMap_VT.uasset" 238
"../../../Engine/Content/EngineMaterials/BaseFlattenNormalMap_VT.uexp" 239
"../../../Engine/Content/EngineMaterials/Black_1x1_EXR_Texture_VT.ubulk" 240
"../../../Engine/Content/EngineMaterials/Black_1x1_EXR_Texture_VT.uasset" 241
"../../../Engine/Content/EngineMaterials/Black_1x1_EXR_Texture_VT.uexp" 242
"../../../Engine/Content/EngineMaterials/FlattenMaterial_WS_Normal_VT.uasset" 243
"../../../Engine/Content/EngineMaterials/FlattenMaterial_WS_Normal_VT.uexp" 244
"../../../Engine/Content/EngineMaterials/FlattenMaterial_VT.uasset" 245
"../../../Engine/Content/EngineMaterials/FlattenMaterial_VT.uexp" 246
"../../../Engine/Content/EngineMaterials/BaseFlattenNormalMap.uasset" 247
"../../../Engine/Content/EngineMaterials/BaseFlattenNormalMap.uexp" 248
"../../../Engine/Content/EngineMaterials/BaseFlattenDiffuseMap.uasset" 249
"../../../Engine/Content/EngineMaterials/BaseFlattenDiffuseMap.uexp" 250
"../../../Engine/Content/EngineMaterials/BaseFlattenEmissiveMap.uasset" 251
"../../../Engine/Content/EngineMaterials/BaseFlattenEmissiveMap.uexp" 252
"../../../Engine/Content/EngineMaterials/BaseFlattenGrayscaleMap.uasset" 253
"../../../Engine/Content/EngineMaterials/BaseFlattenGrayscaleMap.uexp" 254
"../../../Engine/Content/EngineMaterials/BaseFlattenLinearColor.uasset" 255
"../../../Engine/Content/EngineMaterials/BaseFlattenLinearColor.uexp" 256
"../../../Engine/Content/Functions/Engine_MaterialFunctions02/PivotPainter2/Black_1x1_EXR_Texture.uasset" 257
"../../../Engine/Content/Functions/Engine_MaterialFunctions02/PivotPainter2/Black_1x1_EXR_Texture.uexp" 258
"../../../Engine/Content/EngineMaterials/FlattenMaterial.uasset" 259
"../../../Engine/Content/EngineMaterials/FlattenMaterial.uexp" 260
"../../../Engine/Content/EngineMaterials/FastBlueNoise_vec2_128x128x64.uasset" 261
"../../../Engine/Content/EngineMaterials/FastBlueNoise_vec2_128x128x64.uexp" 262
"../../../Engine/Content/EngineMaterials/FastBlueNoise_scalar_128x128x8.uasset" 263
"../../../Engine/Content/EngineMaterials/FastBlueNoise_scalar_128x128x8.uexp" 264
"../../../Engine/Content/EngineMaterials/FastBlueNoise_scalar_128x128x64.uasset" 265
"../../../Engine/Content/EngineMaterials/FastBlueNoise_scalar_128x128x64.uexp" 266
"../../../Engine/Content/EngineMaterials/DefaultWhiteGrid_Low.uasset" 267
"../../../Engine/Content/EngineMaterials/DefaultWhiteGrid_Low.uexp" 268
"../../../Engine/Content/EngineMaterials/EmissiveMeshMaterial.uasset" 269
"../../../Engine/Content/EngineMaterials/EmissiveMeshMaterial.uexp" 270
"../../../Engine/Content/EngineMaterials/DefaultWhiteGrid.ubulk" 271
"../../../Engine/Content/EngineMaterials/DefaultWhiteGrid.uasset" 272
"../../../Engine/Content/EngineMaterials/DefaultWhiteGrid.uexp" 273
"../../../Engine/Content/EngineFonts/RobotoDistanceField.uasset" 274
"../../../Engine/Content/EngineFonts/RobotoDistanceField.uexp" 275
"../../../Engine/Content/EngineMaterials/DefaultTextMaterialOpaque.uasset" 276
"../../../Engine/Content/EngineMaterials/DefaultTextMaterialOpaque.uexp" 277
"../../../Engine/Content/EngineMaterials/DefaultPostProcessMaterial.uasset" 278
"../../../Engine/Content/EngineMaterials/DefaultPostProcessMaterial.uexp" 279
"../../../Engine/Content/EngineMaterials/DefaultLightFunctionMaterial.uasset" 280
"../../../Engine/Content/EngineMaterials/DefaultLightFunctionMaterial.uexp" 281
"../../../Engine/Content/EngineMaterials/DefaultDeferredDecalMaterial.uasset" 282
"../../../Engine/Content/EngineMaterials/DefaultDeferredDecalMaterial.uexp" 283
"../../../Engine/Content/EngineMaterials/DefaultBokeh.uasset" 284
"../../../Engine/Content/EngineMaterials/DefaultBokeh.uexp" 285
"../../../Engine/Content/EngineMaterials/DefaultBloomKernel.uasset" 286
"../../../Engine/Content/EngineMaterials/DefaultBloomKernel.uexp" 287
"../../../Engine/Content/Functions/Engine_MaterialFunctions02/Utility/CameraDirectionVector.uasset" 288
"../../../Engine/Content/Functions/Engine_MaterialFunctions02/Utility/CameraDirectionVector.uexp" 289
"../../../Engine/Content/EngineDebugMaterials/VolumeToRender.uasset" 290
"../../../Engine/Content/EngineDebugMaterials/VolumeToRender.uexp" 291
"../../../Engine/Content/EngineDebugMaterials/M_VolumeRenderSphereTracePP.uasset" 292
"../../../Engine/Content/EngineDebugMaterials/M_VolumeRenderSphereTracePP.uexp" 293
"../../../Engine/Content/EngineDebugMaterials/M_SimpleUnlitTranslucent.uasset" 294
"../../../Engine/Content/EngineDebugMaterials/M_SimpleUnlitTranslucent.uexp" 295
"../../../Engine/Content/EngineDebugMaterials/DebugMeshMaterial.uasset" 296
"../../../Engine/Content/EngineDebugMaterials/DebugMeshMaterial.uexp" 297
"../../../Engine/Content/EngineDebugMaterials/DebugEditorMaterial.uasset" 298
"../../../Engine/Content/EngineDebugMaterials/DebugEditorMaterial.uexp" 299
"../../../Engine/Content/EngineDamageTypes/DmgTypeBP_Environmental.uasset" 300
"../../../Engine/Content/EngineDamageTypes/DmgTypeBP_Environmental.uexp" 301
"../../../Engine/Plugins/VirtualProduction/CameraCalibrationCore/Content/Materials/M_DefaultOddSquare.uasset" 302
"../../../Engine/Plugins/VirtualProduction/CameraCalibrationCore/Content/Materials/M_DefaultOddSquare.uexp" 303
"../../../Engine/Plugins/VirtualProduction/CameraCalibrationCore/Content/Materials/M_DefaultEvenSquare.uasset" 304
"../../../Engine/Plugins/VirtualProduction/CameraCalibrationCore/Content/Materials/M_DefaultEvenSquare.uexp" 305
"../../../Engine/Plugins/Runtime/HairStrands/Content/Materials/HairMeshesDefaultMaterial.uasset" 306
"../../../Engine/Plugins/Runtime/HairStrands/Content/Materials/HairMeshesDefaultMaterial.uexp" 307
"../../../Engine/Plugins/Runtime/HairStrands/Content/Materials/HairDefaultMaterial.uasset" 308
"../../../Engine/Plugins/Runtime/HairStrands/Content/Materials/HairDefaultMaterial.uexp" 309
"../../../Engine/Content/Functions/Engine_MaterialFunctions02/Utility/MakeFloat2.uasset" 310
"../../../Engine/Content/Functions/Engine_MaterialFunctions02/Utility/MakeFloat2.uexp" 311
"../../../Engine/Content/Functions/Engine_MaterialFunctions02/Utility/MakeFloat3.uasset" 312
"../../../Engine/Content/Functions/Engine_MaterialFunctions02/Utility/MakeFloat3.uexp" 313
"../../../Engine/Content/EngineMaterials/HairDebugColor.uasset" 314
"../../../Engine/Content/EngineMaterials/HairDebugColor.uexp" 315
"../../../Engine/Content/EngineMaterials/HairColorMap.uasset" 316
"../../../Engine/Content/EngineMaterials/HairColorMap.uexp" 317
"../../../Engine/Plugins/Runtime/HairStrands/Content/Materials/HairGroupColors.uasset" 318
"../../../Engine/Plugins/Runtime/HairStrands/Content/Materials/HairGroupColors.uexp" 319
"../../../Engine/Plugins/Runtime/HairStrands/Content/Materials/HairDebugMaterial.uasset" 320
"../../../Engine/Plugins/Runtime/HairStrands/Content/Materials/HairDebugMaterial.uexp" 321
"../../../Engine/Plugins/Runtime/HairStrands/Content/Materials/HairCardsDefaultMaterial.uasset" 322
"../../../Engine/Plugins/Runtime/HairStrands/Content/Materials/HairCardsDefaultMaterial.uexp" 323
"../../../Engine/Plugins/Runtime/AudioWidgets/Content/Resources/ScrubHandleDown_Clamped.uasset" 324
"../../../Engine/Plugins/Runtime/AudioWidgets/Content/Resources/ScrubHandleDown_Clamped.uexp" 325
"../../../Engine/Plugins/Interchange/Assets/Content/Functions/MX_UsdPreviewSurface.uasset" 326
"../../../Engine/Plugins/Interchange/Assets/Content/Functions/MX_UsdPreviewSurface.uexp" 327
"../../../Engine/Plugins/Interchange/Assets/Content/Functions/MX_UniformEDF.uasset" 328
"../../../Engine/Plugins/Interchange/Assets/Content/Functions/MX_UniformEDF.uexp" 329
"../../../Engine/Plugins/Interchange/Assets/Content/Functions/MX_TranslucentBSDF.uasset" 330
"../../../Engine/Plugins/Interchange/Assets/Content/Functions/MX_TranslucentBSDF.uexp" 331
"../../../Engine/Plugins/Interchange/Assets/Content/Functions/MX_ThinFilmBSDF.uasset" 332
"../../../Engine/Plugins/Interchange/Assets/Content/Functions/MX_ThinFilmBSDF.uexp" 333
"../../../Engine/Plugins/Interchange/Assets/Content/Functions/MX_SurfaceUnlit.uasset" 334
"../../../Engine/Plugins/Interchange/Assets/Content/Functions/MX_SurfaceUnlit.uexp" 335
"../../../Engine/Plugins/Interchange/Assets/Content/Functions/MX_Surface.uasset" 336
"../../../Engine/Plugins/Interchange/Assets/Content/Functions/MX_Surface.uexp" 337
"../../../Engine/Plugins/Interchange/Assets/Content/Functions/MX_SubsurfaceBSDF.uasset" 338
"../../../Engine/Plugins/Interchange/Assets/Content/Functions/MX_SubsurfaceBSDF.uexp" 339
"../../../Engine/Plugins/Interchange/Assets/Content/Functions/MX_SheenBSDF.uasset" 340
"../../../Engine/Plugins/Interchange/Assets/Content/Functions/MX_SheenBSDF.uexp" 341
"../../../Engine/Plugins/Interchange/Assets/Content/Functions/MX_OrenNayarBSDF.uasset" 342
"../../../Engine/Plugins/Interchange/Assets/Content/Functions/MX_OrenNayarBSDF.uexp" 343
"../../../Engine/Plugins/Interchange/Assets/Content/Functions/MF_IridescenceNoLUT.uasset" 344
"../../../Engine/Plugins/Interchange/Assets/Content/Functions/MF_IridescenceNoLUT.uexp" 345
"../../../Engine/Plugins/Interchange/Assets/Content/Functions/MX_StandardSurface.uasset" 346
"../../../Engine/Plugins/Interchange/Assets/Content/Functions/MX_StandardSurface.uexp" 347
"../../../Engine/Plugins/Interchange/Assets/Content/Functions/MX_TransmissionSurface.uasset" 348
"../../../Engine/Plugins/Interchange/Assets/Content/Functions/MX_TransmissionSurface.uexp" 349
"../../../Engine/Plugins/Interchange/Assets/Content/Functions/MX_OpenPBR_Translucent.uasset" 350
"../../../Engine/Plugins/Interchange/Assets/Content/Functions/MX_OpenPBR_Translucent.uexp" 351
"../../../Engine/Plugins/Interchange/Assets/Content/Functions/MX_OpenPBR_Opaque.uasset" 352
"../../../Engine/Plugins/Interchange/Assets/Content/Functions/MX_OpenPBR_Opaque.uexp" 353
"../../../Engine/Plugins/Interchange/Assets/Content/Functions/MX_MeasuredEDF.uasset" 354
"../../../Engine/Plugins/Interchange/Assets/Content/Functions/MX_MeasuredEDF.uexp" 355
"../../../Engine/Plugins/Interchange/Assets/Content/Functions/MX_GeneralizedSchlickBSDF.uasset" 356
"../../../Engine/Plugins/Interchange/Assets/Content/Functions/MX_GeneralizedSchlickBSDF.uexp" 357
"../../../Engine/Plugins/Interchange/Assets/Content/Functions/MX_Displacement.uasset" 358
"../../../Engine/Plugins/Interchange/Assets/Content/Functions/MX_Displacement.uexp" 359
"../../../Engine/Plugins/Interchange/Assets/Content/Functions/MX_DielectricBSDF.uasset" 360
"../../../Engine/Plugins/Interchange/Assets/Content/Functions/MX_DielectricBSDF.uexp" 361
"../../../Engine/Plugins/Interchange/Assets/Content/Functions/MX_ConicalEDF.uasset" 362
"../../../Engine/Plugins/Interchange/Assets/Content/Functions/MX_ConicalEDF.uexp" 363
"../../../Engine/Plugins/Interchange/Assets/Content/Functions/MX_ConductorBSDF.uasset" 364
"../../../Engine/Plugins/Interchange/Assets/Content/Functions/MX_ConductorBSDF.uexp" 365
"../../../Engine/Plugins/Interchange/Assets/Content/Functions/MX_BurleyDiffuseBSDF.uasset" 366
"../../../Engine/Plugins/Interchange/Assets/Content/Functions/MX_BurleyDiffuseBSDF.uexp" 367
"../../../Engine/Plugins/Interchange/Assets/Content/Functions/MX_AnisotropicVDF.uasset" 368
"../../../Engine/Plugins/Interchange/Assets/Content/Functions/MX_AnisotropicVDF.uexp" 369
"../../../Engine/Plugins/Interchange/Assets/Content/Functions/MX_AbsorptionVDF.uasset" 370
"../../../Engine/Plugins/Interchange/Assets/Content/Functions/MX_AbsorptionVDF.uexp" 371
"../../../Engine/Content/EditorMaterials/ParticleSystems/PSysThumbnail_OOD.ubulk" 372
"../../../Engine/Content/EditorMaterials/ParticleSystems/PSysThumbnail_OOD.uasset" 373
"../../../Engine/Content/EditorMaterials/ParticleSystems/PSysThumbnail_OOD.uexp" 374
"../../../Engine/Content/EditorMaterials/ParticleSystems/PSysThumbnail_NoImage.ubulk" 375
"../../../Engine/Content/EditorMaterials/ParticleSystems/PSysThumbnail_NoImage.uasset" 376
"../../../Engine/Content/EditorMaterials/ParticleSystems/PSysThumbnail_NoImage.uexp" 377
"../../../Engine/Content/EditorMaterials/Dataflow/DataflowVertexMaterial.uasset" 378
"../../../Engine/Content/EditorMaterials/Dataflow/DataflowVertexMaterial.uexp" 379
"../../../Engine/Content/EditorMaterials/Dataflow/DataflowTwoSidedVertexMaterial.uasset" 380
"../../../Engine/Content/EditorMaterials/Dataflow/DataflowTwoSidedVertexMaterial.uexp" 381
"../../../Engine/Content/EngineResources/FilmGrains/Marcie_Grain_v3_128_M2_000.uasset" 382
"../../../Engine/Content/EngineResources/FilmGrains/Marcie_Grain_v3_128_M2_000.uexp" 383
"../../../Engine/Content/EngineResources/Development/ZenLogo_64.uasset" 384
"../../../Engine/Content/EngineResources/Development/ZenLogo_64.uexp" 385
"../../../Engine/Content/EngineMaterials/LTC/Sheen_LTC.uasset" 386
"../../../Engine/Content/EngineMaterials/LTC/Sheen_LTC.uexp" 387
"../../../Engine/Content/EngineMaterials/LTC/GGX_LTCMat.uasset" 388
"../../../Engine/Content/EngineMaterials/LTC/GGX_LTCMat.uexp" 389
"../../../Engine/Content/EngineMaterials/LTC/GGX_LTCAmp.uasset" 390
"../../../Engine/Content/EngineMaterials/LTC/GGX_LTCAmp.uexp" 391
"../../../Engine/Content/EngineMaterials/EnergyConservation/Sheen_Energy.uasset" 392
"../../../Engine/Content/EngineMaterials/EnergyConservation/Sheen_Energy.uexp" 393
"../../../Engine/Content/EngineMaterials/EnergyConservation/SheenLegacy_Energy.uasset" 394
"../../../Engine/Content/EngineMaterials/EnergyConservation/SheenLegacy_Energy.uexp" 395
"../../../Engine/Content/EngineMaterials/EnergyConservation/GGX_TransmissionEnergyArray.uasset" 396
"../../../Engine/Content/EngineMaterials/EnergyConservation/GGX_TransmissionEnergyArray.uexp" 397
"../../../Engine/Content/EngineMaterials/EnergyConservation/GGX_ReflectionEnergy.uasset" 398
"../../../Engine/Content/EngineMaterials/EnergyConservation/GGX_ReflectionEnergy.uexp" 399
"../../../Engine/Content/EngineMaterials/EnergyConservation/Diffuse_Energy.uasset" 400
"../../../Engine/Content/EngineMaterials/EnergyConservation/Diffuse_Energy.uexp" 401
"../../../Engine/Content/EditorResources/SequenceRecorder/RecordingIndicator.uasset" 402
"../../../Engine/Content/EditorResources/SequenceRecorder/RecordingIndicator.uexp" 403
"../../../Engine/Content/EditorResources/SequenceRecorder/Countdown.uasset" 404
"../../../Engine/Content/EditorResources/SequenceRecorder/Countdown.uexp" 405
"../../../Engine/Content/EngineMaterials/BlendFunc_DefBlend.uasset" 406
"../../../Engine/Content/EngineMaterials/BlendFunc_DefBlend.uexp" 407
"../../../Engine/Content/EngineMaterials/BlendFunc_DefBase.uasset" 408
"../../../Engine/Content/EngineMaterials/BlendFunc_DefBase.uexp" 409
"../../../Engine/Content/Functions/Engine_MaterialFunctions03/Blends/Blend_Overlay.uasset" 410
"../../../Engine/Content/Functions/Engine_MaterialFunctions03/Blends/Blend_Overlay.uexp" 411
"../../../Engine/Content/OpenWorldTemplate/LandscapeMaterial/T_GridChecker_A.ubulk" 412
"../../../Engine/Content/OpenWorldTemplate/LandscapeMaterial/T_GridChecker_A.uasset" 413
"../../../Engine/Content/OpenWorldTemplate/LandscapeMaterial/T_GridChecker_A.uexp" 414
"../../../Engine/Content/Functions/Engine_MaterialFunctions01/Gradient/LinearGradient.uasset" 415
"../../../Engine/Content/Functions/Engine_MaterialFunctions01/Gradient/LinearGradient.uexp" 416
"../../../Engine/Content/Functions/Engine_MaterialFunctions01/ImageAdjustment/CheapContrast.uasset" 417
"../../../Engine/Content/Functions/Engine_MaterialFunctions01/ImageAdjustment/CheapContrast.uexp" 418
"../../../Engine/Content/OpenWorldTemplate/LandscapeMaterial/MF_ProcGrid.uasset" 419
"../../../Engine/Content/OpenWorldTemplate/LandscapeMaterial/MF_ProcGrid.uexp" 420
"../../../Engine/Content/OpenWorldTemplate/LandscapeMaterial/M_ProcGrid.uasset" 421
"../../../Engine/Content/OpenWorldTemplate/LandscapeMaterial/M_ProcGrid.uexp" 422
"../../../Engine/Content/Functions/Engine_MaterialFunctions01/Shading/PowerToRoughness.uasset" 423
"../../../Engine/Content/Functions/Engine_MaterialFunctions01/Shading/PowerToRoughness.uexp" 424
"../../../Engine/Content/Functions/Engine_MaterialFunctions01/Shading/ConvertFromDiffSpec.uasset" 425
"../../../Engine/Content/Functions/Engine_MaterialFunctions01/Shading/ConvertFromDiffSpec.uexp" 426
"../../../Engine/Content/EngineMeshes/Sphere.ubulk" 427
"../../../Engine/Content/EngineMeshes/Sphere.uasset" 428
"../../../Engine/Content/EngineMeshes/Sphere.uexp" 429
"../../../Engine/Content/EngineResources/DefaultTextureCube.uasset" 430
"../../../Engine/Content/EngineResources/DefaultTextureCube.uexp" 431
"../../../Engine/Plugins/2D/Paper2D/Content/DefaultSpriteMaterial.uasset" 432
"../../../Engine/Plugins/2D/Paper2D/Content/DefaultSpriteMaterial.uexp" 433
"../../../Engine/Plugins/2D/Paper2D/Content/OpaqueUnlitSpriteMaterial.uasset" 434
"../../../Engine/Plugins/2D/Paper2D/Content/OpaqueUnlitSpriteMaterial.uexp" 435
"../../../Engine/Plugins/2D/Paper2D/Content/MaskedUnlitSpriteMaterial.uasset" 436
"../../../Engine/Plugins/2D/Paper2D/Content/MaskedUnlitSpriteMaterial.uexp" 437
"../../../Engine/Plugins/NNE/NNEDenoiser/Content/NNE_oidn2-3-0_rt_hdr_calb_cnrm_large__dyn__fp16_opset11_ForwardAlpha.uasset" 438
"../../../Engine/Plugins/NNE/NNEDenoiser/Content/NNE_oidn2-3-0_rt_hdr_calb_cnrm_large__dyn__fp16_opset11_ForwardAlpha.uexp" 439
"../../../Engine/Plugins/NNE/NNEDenoiser/Content/NNE_oidn2-3-0_rt_hdr_calb_cnrm_large__dyn__fp16_opset11_DenoiseAlpha.uasset" 440
"../../../Engine/Plugins/NNE/NNEDenoiser/Content/NNE_oidn2-3-0_rt_hdr_calb_cnrm_large__dyn__fp16_opset11_DenoiseAlpha.uexp" 441
"../../../Engine/Plugins/NNE/NNEDenoiser/Content/NNE_oidn2-3-0_rt_hdr_alb_nrm__dyn__fp16_opset11_ForwardAlpha.uasset" 442
"../../../Engine/Plugins/NNE/NNEDenoiser/Content/NNE_oidn2-3-0_rt_hdr_alb_nrm__dyn__fp16_opset11_ForwardAlpha.uexp" 443
"../../../Engine/Plugins/NNE/NNEDenoiser/Content/NNE_oidn2-3-0_rt_hdr_alb_nrm__dyn__fp16_opset11_DenoiseAlpha.uasset" 444
"../../../Engine/Plugins/NNE/NNEDenoiser/Content/NNE_oidn2-3-0_rt_hdr_alb_nrm__dyn__fp16_opset11_DenoiseAlpha.uexp" 445
"../../../Engine/Plugins/NNE/NNEDenoiser/Content/NNE_oidn2-3-0_rt_hdr_alb_nrm_small__dyn__fp16_opset11_ForwardAlpha.uasset" 446
"../../../Engine/Plugins/NNE/NNEDenoiser/Content/NNE_oidn2-3-0_rt_hdr_alb_nrm_small__dyn__fp16_opset11_ForwardAlpha.uexp" 447
"../../../Engine/Plugins/NNE/NNEDenoiser/Content/NNE_oidn2-3-0_rt_hdr_alb_nrm_small__dyn__fp16_opset11_DenoiseAlpha.uasset" 448
"../../../Engine/Plugins/NNE/NNEDenoiser/Content/NNE_oidn2-3-0_rt_hdr_alb_nrm_small__dyn__fp16_opset11_DenoiseAlpha.uexp" 449
"../../../Engine/Content/EngineMaterials/T_Default_Material_Grid_M.ubulk" 450
"../../../Engine/Content/EngineMaterials/T_Default_Material_Grid_M.uasset" 451
"../../../Engine/Content/EngineMaterials/T_Default_Material_Grid_M.uexp" 452
"../../../Engine/Content/Functions/Engine_MaterialFunctions01/Opacity/CameraDepthFade.uasset" 453
"../../../Engine/Content/Functions/Engine_MaterialFunctions01/Opacity/CameraDepthFade.uexp" 454
"../../../Engine/Content/EngineMaterials/T_Default_Material_Grid_N.ubulk" 455
"../../../Engine/Content/EngineMaterials/T_Default_Material_Grid_N.uasset" 456
"../../../Engine/Content/EngineMaterials/T_Default_Material_Grid_N.uexp" 457
"../../../Engine/Content/EngineMaterials/WorldGridMaterial.uasset" 458
"../../../Engine/Content/EngineMaterials/WorldGridMaterial.uexp" 459
"../../../Engine/Plugins/Media/MediaPlate/Content/SM_MediaPlateScreen.ubulk" 460
"../../../Engine/Plugins/Media/MediaPlate/Content/SM_MediaPlateScreen.uasset" 461
"../../../Engine/Plugins/Media/MediaPlate/Content/SM_MediaPlateScreen.uexp" 462
"../../../Engine/Content/EngineMaterials/DefaultMaterial.uasset" 463
"../../../Engine/Content/EngineMaterials/DefaultMaterial.uexp" 464
"../../../Engine/Content/BasicShapes/Sphere.ubulk" 465
"../../../Engine/Content/BasicShapes/Sphere.uasset" 466
"../../../Engine/Content/BasicShapes/Sphere.uexp" 467
"../../../Engine/Content/BasicShapes/Plane.ubulk" 468
"../../../Engine/Content/BasicShapes/Plane.uasset" 469
"../../../Engine/Content/BasicShapes/Plane.uexp" 470
"../../../Engine/Content/BasicShapes/Cylinder.ubulk" 471
"../../../Engine/Content/BasicShapes/Cylinder.uasset" 472
"../../../Engine/Content/BasicShapes/Cylinder.uexp" 473
"../../../Engine/Content/BasicShapes/Cone.ubulk" 474
"../../../Engine/Content/BasicShapes/Cone.uasset" 475
"../../../Engine/Content/BasicShapes/Cone.uexp" 476
"../../../Engine/Content/EditorLandscapeResources/SplineEditorMeshMat.uasset" 477
"../../../Engine/Content/EditorLandscapeResources/SplineEditorMeshMat.uexp" 478
"../../../Engine/Content/EditorLandscapeResources/SplineEditorMesh.ubulk" 479
"../../../Engine/Content/EditorLandscapeResources/SplineEditorMesh.uasset" 480
"../../../Engine/Content/EditorLandscapeResources/SplineEditorMesh.uexp" 481
"../../../Engine/Content/Functions/Engine_MaterialFunctions03/Math/WithinRangeFloat2.uasset" 482
"../../../Engine/Content/Functions/Engine_MaterialFunctions03/Math/WithinRangeFloat2.uexp" 483
"../../../Engine/Content/EditorLandscapeResources/SelectBrushMaterial.uasset" 484
"../../../Engine/Content/EditorLandscapeResources/SelectBrushMaterial.uexp" 485
"../../../Engine/Content/EditorLandscapeResources/SelectBrushMaterial_SelectedRegion.uasset" 486
"../../../Engine/Content/EditorLandscapeResources/SelectBrushMaterial_SelectedRegion.uexp" 487
"../../../Engine/Content/EditorLandscapeResources/SelectBrushMaterial_Selected.uasset" 488
"../../../Engine/Content/EditorLandscapeResources/SelectBrushMaterial_Selected.uexp" 489
"../../../Engine/Content/EditorLandscapeResources/MaskBrushMaterial.uasset" 490
"../../../Engine/Content/EditorLandscapeResources/MaskBrushMaterial.uexp" 491
"../../../Engine/Content/EditorLandscapeResources/MaskBrushMaterial_MaskedRegion.uasset" 492
"../../../Engine/Content/EditorLandscapeResources/MaskBrushMaterial_MaskedRegion.uexp" 493
"../../../Engine/Content/EditorLandscapeResources/ColorMaskBrushMaterial.uasset" 494
"../../../Engine/Content/EditorLandscapeResources/ColorMaskBrushMaterial.uexp" 495
"../../../Engine/Content/EditorLandscapeResources/ColorMaskBrushMaterial_MaskedRegion.uasset" 496
"../../../Engine/Content/EditorLandscapeResources/ColorMaskBrushMaterial_MaskedRegion.uexp" 497
"../../../Engine/Plugins/Animation/ControlRig/Content/Controls/ControlRig_Wedge_solid.ubulk" 498
"../../../Engine/Plugins/Animation/ControlRig/Content/Controls/ControlRig_Wedge_solid.uasset" 499
"../../../Engine/Plugins/Animation/ControlRig/Content/Controls/ControlRig_Wedge_solid.uexp" 500
"../../../Engine/Plugins/Animation/ControlRig/Content/Controls/ControlRig_Wedge_3mm.ubulk" 501
"../../../Engine/Plugins/Animation/ControlRig/Content/Controls/ControlRig_Wedge_3mm.uasset" 502
"../../../Engine/Plugins/Animation/ControlRig/Content/Controls/ControlRig_Wedge_3mm.uexp" 503
"../../../Engine/Plugins/Animation/ControlRig/Content/Controls/ControlRig_Wedge_1mm.ubulk" 504
"../../../Engine/Plugins/Animation/ControlRig/Content/Controls/ControlRig_Wedge_1mm.uasset" 505
"../../../Engine/Plugins/Animation/ControlRig/Content/Controls/ControlRig_Wedge_1mm.uexp" 506
"../../../Engine/Plugins/Animation/ControlRig/Content/Controls/ControlRig_Triangle_solid.ubulk" 507
"../../../Engine/Plugins/Animation/ControlRig/Content/Controls/ControlRig_Triangle_solid.uasset" 508
"../../../Engine/Plugins/Animation/ControlRig/Content/Controls/ControlRig_Triangle_solid.uexp" 509
"../../../Engine/Plugins/Animation/ControlRig/Content/Controls/ControlRig_Triangle_3mm.ubulk" 510
"../../../Engine/Plugins/Animation/ControlRig/Content/Controls/ControlRig_Triangle_3mm.uasset" 511
"../../../Engine/Plugins/Animation/ControlRig/Content/Controls/ControlRig_Triangle_3mm.uexp" 512
"../../../Engine/Plugins/Animation/ControlRig/Content/Controls/ControlRig_Triangle_1mm.ubulk" 513
"../../../Engine/Plugins/Animation/ControlRig/Content/Controls/ControlRig_Triangle_1mm.uasset" 514
"../../../Engine/Plugins/Animation/ControlRig/Content/Controls/ControlRig_Triangle_1mm.uexp" 515
"../../../Engine/Plugins/Animation/ControlRig/Content/Controls/ControlRig_Star4_solid.ubulk" 516
"../../../Engine/Plugins/Animation/ControlRig/Content/Controls/ControlRig_Star4_solid.uasset" 517
"../../../Engine/Plugins/Animation/ControlRig/Content/Controls/ControlRig_Star4_solid.uexp" 518
"../../../Engine/Plugins/Animation/ControlRig/Content/Controls/ControlRig_Star4_3mm.ubulk" 519
"../../../Engine/Plugins/Animation/ControlRig/Content/Controls/ControlRig_Star4_3mm.uasset" 520
"../../../Engine/Plugins/Animation/ControlRig/Content/Controls/ControlRig_Star4_3mm.uexp" 521
"../../../Engine/Plugins/Animation/ControlRig/Content/Controls/ControlRig_Star4_1mm.ubulk" 522
"../../../Engine/Plugins/Animation/ControlRig/Content/Controls/ControlRig_Star4_1mm.uasset" 523
"../../../Engine/Plugins/Animation/ControlRig/Content/Controls/ControlRig_Star4_1mm.uexp" 524
"../../../Engine/Plugins/Animation/ControlRig/Content/Controls/ControlRig_Square_solid.ubulk" 525
"../../../Engine/Plugins/Animation/ControlRig/Content/Controls/ControlRig_Square_solid.uasset" 526
"../../../Engine/Plugins/Animation/ControlRig/Content/Controls/ControlRig_Square_solid.uexp" 527
"../../../Engine/Plugins/Animation/ControlRig/Content/Controls/ControlRig_Square_3mm.ubulk" 528
"../../../Engine/Plugins/Animation/ControlRig/Content/Controls/ControlRig_Square_3mm.uasset" 529
"../../../Engine/Plugins/Animation/ControlRig/Content/Controls/ControlRig_Square_3mm.uexp" 530
"../../../Engine/Plugins/Animation/ControlRig/Content/Controls/ControlRig_Square_1mm.ubulk" 531
"../../../Engine/Plugins/Animation/ControlRig/Content/Controls/ControlRig_Square_1mm.uasset" 532
"../../../Engine/Plugins/Animation/ControlRig/Content/Controls/ControlRig_Square_1mm.uexp" 533
"../../../Engine/Plugins/Animation/ControlRig/Content/Controls/ControlRig_Sphere_solid.ubulk" 534
"../../../Engine/Plugins/Animation/ControlRig/Content/Controls/ControlRig_Sphere_solid.uasset" 535
"../../../Engine/Plugins/Animation/ControlRig/Content/Controls/ControlRig_Sphere_solid.uexp" 536
"../../../Engine/Plugins/Animation/ControlRig/Content/Controls/ControlRig_Sphere_3mm.ubulk" 537
"../../../Engine/Plugins/Animation/ControlRig/Content/Controls/ControlRig_Sphere_3mm.uasset" 538
"../../../Engine/Plugins/Animation/ControlRig/Content/Controls/ControlRig_Sphere_3mm.uexp" 539
"../../../Engine/Plugins/Animation/ControlRig/Content/Controls/ControlRig_Sphere_1mm.ubulk" 540
"../../../Engine/Plugins/Animation/ControlRig/Content/Controls/ControlRig_Sphere_1mm.uasset" 541
"../../../Engine/Plugins/Animation/ControlRig/Content/Controls/ControlRig_Sphere_1mm.uexp" 542
"../../../Engine/Plugins/Animation/ControlRig/Content/Controls/ControlRig_RoundedTriangle_solid.ubulk" 543
"../../../Engine/Plugins/Animation/ControlRig/Content/Controls/ControlRig_RoundedTriangle_solid.uasset" 544
"../../../Engine/Plugins/Animation/ControlRig/Content/Controls/ControlRig_RoundedTriangle_solid.uexp" 545
"../../../Engine/Plugins/Animation/ControlRig/Content/Controls/ControlRig_RoundedTriangle_3mm.ubulk" 546
"../../../Engine/Plugins/Animation/ControlRig/Content/Controls/ControlRig_RoundedTriangle_3mm.uasset" 547
"../../../Engine/Plugins/Animation/ControlRig/Content/Controls/ControlRig_RoundedTriangle_3mm.uexp" 548
"../../../Engine/Plugins/Animation/ControlRig/Content/Controls/ControlRig_RoundedTriangle_1mm.ubulk" 549
"../../../Engine/Plugins/Animation/ControlRig/Content/Controls/ControlRig_RoundedTriangle_1mm.uasset" 550
"../../../Engine/Plugins/Animation/ControlRig/Content/Controls/ControlRig_RoundedTriangle_1mm.uexp" 551
"../../../Engine/Plugins/Animation/ControlRig/Content/Controls/ControlRig_RoundedSquare_solid.ubulk" 552
"../../../Engine/Plugins/Animation/ControlRig/Content/Controls/ControlRig_RoundedSquare_solid.uasset" 553
"../../../Engine/Plugins/Animation/ControlRig/Content/Controls/ControlRig_RoundedSquare_solid.uexp" 554
"../../../Engine/Plugins/Animation/ControlRig/Content/Controls/ControlRig_RoundedSquare_3mm.ubulk" 555
"../../../Engine/Plugins/Animation/ControlRig/Content/Controls/ControlRig_RoundedSquare_3mm.uasset" 556
"../../../Engine/Plugins/Animation/ControlRig/Content/Controls/ControlRig_RoundedSquare_3mm.uexp" 557
"../../../Engine/Plugins/Animation/ControlRig/Content/Controls/ControlRig_RoundedSquare_1mm.ubulk" 558
"../../../Engine/Plugins/Animation/ControlRig/Content/Controls/ControlRig_RoundedSquare_1mm.uasset" 559
"../../../Engine/Plugins/Animation/ControlRig/Content/Controls/ControlRig_RoundedSquare_1mm.uexp" 560
"../../../Engine/Plugins/Animation/ControlRig/Content/Controls/ControlRig_QuarterCircle_solid.ubulk" 561
"../../../Engine/Plugins/Animation/ControlRig/Content/Controls/ControlRig_QuarterCircle_solid.uasset" 562
"../../../Engine/Plugins/Animation/ControlRig/Content/Controls/ControlRig_QuarterCircle_solid.uexp" 563
"../../../Engine/Plugins/Animation/ControlRig/Content/Controls/ControlRig_QuarterCircle_3mm.ubulk" 564
"../../../Engine/Plugins/Animation/ControlRig/Content/Controls/ControlRig_QuarterCircle_3mm.uasset" 565
"../../../Engine/Plugins/Animation/ControlRig/Content/Controls/ControlRig_QuarterCircle_3mm.uexp" 566
"../../../Engine/Plugins/Animation/ControlRig/Content/Controls/ControlRig_QuarterCircle_1mm.ubulk" 567
"../../../Engine/Plugins/Animation/ControlRig/Content/Controls/ControlRig_QuarterCircle_1mm.uasset" 568
"../../../Engine/Plugins/Animation/ControlRig/Content/Controls/ControlRig_QuarterCircle_1mm.uexp" 569
"../../../Engine/Plugins/Animation/ControlRig/Content/Controls/ControlRig_Pyramid_solid.ubulk" 570
"../../../Engine/Plugins/Animation/ControlRig/Content/Controls/ControlRig_Pyramid_solid.uasset" 571
"../../../Engine/Plugins/Animation/ControlRig/Content/Controls/ControlRig_Pyramid_solid.uexp" 572
"../../../Engine/Plugins/Animation/ControlRig/Content/Controls/ControlRig_Pyramid_3mm.ubulk" 573
"../../../Engine/Plugins/Animation/ControlRig/Content/Controls/ControlRig_Pyramid_3mm.uasset" 574
"../../../Engine/Plugins/Animation/ControlRig/Content/Controls/ControlRig_Pyramid_3mm.uexp" 575
"../../../Engine/Plugins/Animation/ControlRig/Content/Controls/ControlRig_Pyramid_1mm.ubulk" 576
"../../../Engine/Plugins/Animation/ControlRig/Content/Controls/ControlRig_Pyramid_1mm.uasset" 577
"../../../Engine/Plugins/Animation/ControlRig/Content/Controls/ControlRig_Pyramid_1mm.uexp" 578
"../../../Engine/Plugins/Animation/ControlRig/Content/Controls/ControlRig_Octagon_solid.ubulk" 579
"../../../Engine/Plugins/Animation/ControlRig/Content/Controls/ControlRig_Octagon_solid.uasset" 580
"../../../Engine/Plugins/Animation/ControlRig/Content/Controls/ControlRig_Octagon_solid.uexp" 581
"../../../Engine/Plugins/Animation/ControlRig/Content/Controls/ControlRig_Octagon_3mm.ubulk" 582
"../../../Engine/Plugins/Animation/ControlRig/Content/Controls/ControlRig_Octagon_3mm.uasset" 583
"../../../Engine/Plugins/Animation/ControlRig/Content/Controls/ControlRig_Octagon_3mm.uexp" 584
"../../../Engine/Plugins/Animation/ControlRig/Content/Controls/ControlRig_Octagon_1mm.ubulk" 585
"../../../Engine/Plugins/Animation/ControlRig/Content/Controls/ControlRig_Octagon_1mm.uasset" 586
"../../../Engine/Plugins/Animation/ControlRig/Content/Controls/ControlRig_Octagon_1mm.uexp" 587
"../../../Engine/Plugins/Animation/ControlRig/Content/Controls/ControlRig_Hexagon_solid.ubulk" 588
"../../../Engine/Plugins/Animation/ControlRig/Content/Controls/ControlRig_Hexagon_solid.uasset" 589
"../../../Engine/Plugins/Animation/ControlRig/Content/Controls/ControlRig_Hexagon_solid.uexp" 590
"../../../Engine/Plugins/Animation/ControlRig/Content/Controls/ControlRig_Hexagon_3mm.ubulk" 591
"../../../Engine/Plugins/Animation/ControlRig/Content/Controls/ControlRig_Hexagon_3mm.uasset" 592
"../../../Engine/Plugins/Animation/ControlRig/Content/Controls/ControlRig_Hexagon_3mm.uexp" 593
"../../../Engine/Plugins/Animation/ControlRig/Content/Controls/ControlRig_Hexagon_1mm.ubulk" 594
"../../../Engine/Plugins/Animation/ControlRig/Content/Controls/ControlRig_Hexagon_1mm.uasset" 595
"../../../Engine/Plugins/Animation/ControlRig/Content/Controls/ControlRig_Hexagon_1mm.uexp" 596
"../../../Engine/Plugins/Animation/ControlRig/Content/Controls/ControlRig_HalfCircle_solid.ubulk" 597
"../../../Engine/Plugins/Animation/ControlRig/Content/Controls/ControlRig_HalfCircle_solid.uasset" 598
"../../../Engine/Plugins/Animation/ControlRig/Content/Controls/ControlRig_HalfCircle_solid.uexp" 599
"../../../Engine/Plugins/Animation/ControlRig/Content/Controls/ControlRig_HalfCircle_3mm.ubulk" 600
"../../../Engine/Plugins/Animation/ControlRig/Content/Controls/ControlRig_HalfCircle_3mm.uasset" 601
"../../../Engine/Plugins/Animation/ControlRig/Content/Controls/ControlRig_HalfCircle_3mm.uexp" 602
"../../../Engine/Plugins/Animation/ControlRig/Content/Controls/ControlRig_HalfCircle_1mm.ubulk" 603
"../../../Engine/Plugins/Animation/ControlRig/Content/Controls/ControlRig_HalfCircle_1mm.uasset" 604
"../../../Engine/Plugins/Animation/ControlRig/Content/Controls/ControlRig_HalfCircle_1mm.uexp" 605
"../../../Engine/Plugins/Animation/ControlRig/Content/Controls/ControlRig_Diamond_solid.ubulk" 606
"../../../Engine/Plugins/Animation/ControlRig/Content/Controls/ControlRig_Diamond_solid.uasset" 607
"../../../Engine/Plugins/Animation/ControlRig/Content/Controls/ControlRig_Diamond_solid.uexp" 608
"../../../Engine/Plugins/Animation/ControlRig/Content/Controls/ControlRig_Diamond_3mm.ubulk" 609
"../../../Engine/Plugins/Animation/ControlRig/Content/Controls/ControlRig_Diamond_3mm.uasset" 610
"../../../Engine/Plugins/Animation/ControlRig/Content/Controls/ControlRig_Diamond_3mm.uexp" 611
"../../../Engine/Plugins/Animation/ControlRig/Content/Controls/ControlRig_Diamond_1mm.ubulk" 612
"../../../Engine/Plugins/Animation/ControlRig/Content/Controls/ControlRig_Diamond_1mm.uasset" 613
"../../../Engine/Plugins/Animation/ControlRig/Content/Controls/ControlRig_Diamond_1mm.uexp" 614
"../../../Engine/Plugins/Animation/ControlRig/Content/Controls/ControlRig_Circle_solid.ubulk" 615
"../../../Engine/Plugins/Animation/ControlRig/Content/Controls/ControlRig_Circle_solid.uasset" 616
"../../../Engine/Plugins/Animation/ControlRig/Content/Controls/ControlRig_Circle_solid.uexp" 617
"../../../Engine/Plugins/Animation/ControlRig/Content/Controls/ControlRig_Circle_3mm.ubulk" 618
"../../../Engine/Plugins/Animation/ControlRig/Content/Controls/ControlRig_Circle_3mm.uasset" 619
"../../../Engine/Plugins/Animation/ControlRig/Content/Controls/ControlRig_Circle_3mm.uexp" 620
"../../../Engine/Plugins/Animation/ControlRig/Content/Controls/ControlRig_Circle_1mm.ubulk" 621
"../../../Engine/Plugins/Animation/ControlRig/Content/Controls/ControlRig_Circle_1mm.uasset" 622
"../../../Engine/Plugins/Animation/ControlRig/Content/Controls/ControlRig_Circle_1mm.uexp" 623
"../../../Engine/Plugins/Animation/ControlRig/Content/Controls/ControlRig_Box_solid.ubulk" 624
"../../../Engine/Plugins/Animation/ControlRig/Content/Controls/ControlRig_Box_solid.uasset" 625
"../../../Engine/Plugins/Animation/ControlRig/Content/Controls/ControlRig_Box_solid.uexp" 626
"../../../Engine/Plugins/Animation/ControlRig/Content/Controls/ControlRig_Box_3mm.ubulk" 627
"../../../Engine/Plugins/Animation/ControlRig/Content/Controls/ControlRig_Box_3mm.uasset" 628
"../../../Engine/Plugins/Animation/ControlRig/Content/Controls/ControlRig_Box_3mm.uexp" 629
"../../../Engine/Plugins/Animation/ControlRig/Content/Controls/ControlRig_Box_1mm.ubulk" 630
"../../../Engine/Plugins/Animation/ControlRig/Content/Controls/ControlRig_Box_1mm.uasset" 631
"../../../Engine/Plugins/Animation/ControlRig/Content/Controls/ControlRig_Box_1mm.uexp" 632
"../../../Engine/Plugins/Animation/ControlRig/Content/Controls/ControlRig_Arrow_solid.ubulk" 633
"../../../Engine/Plugins/Animation/ControlRig/Content/Controls/ControlRig_Arrow_solid.uasset" 634
"../../../Engine/Plugins/Animation/ControlRig/Content/Controls/ControlRig_Arrow_solid.uexp" 635
"../../../Engine/Plugins/Animation/ControlRig/Content/Controls/ControlRig_Arrow_3mm.ubulk" 636
"../../../Engine/Plugins/Animation/ControlRig/Content/Controls/ControlRig_Arrow_3mm.uasset" 637
"../../../Engine/Plugins/Animation/ControlRig/Content/Controls/ControlRig_Arrow_3mm.uexp" 638
"../../../Engine/Plugins/Animation/ControlRig/Content/Controls/ControlRig_Arrow_1mm.ubulk" 639
"../../../Engine/Plugins/Animation/ControlRig/Content/Controls/ControlRig_Arrow_1mm.uasset" 640
"../../../Engine/Plugins/Animation/ControlRig/Content/Controls/ControlRig_Arrow_1mm.uexp" 641
"../../../Engine/Plugins/Animation/ControlRig/Content/Controls/ControlRig_Arrow4_solid.ubulk" 642
"../../../Engine/Plugins/Animation/ControlRig/Content/Controls/ControlRig_Arrow4_solid.uasset" 643
"../../../Engine/Plugins/Animation/ControlRig/Content/Controls/ControlRig_Arrow4_solid.uexp" 644
"../../../Engine/Plugins/Animation/ControlRig/Content/Controls/ControlRig_Arrow4_3mm.ubulk" 645
"../../../Engine/Plugins/Animation/ControlRig/Content/Controls/ControlRig_Arrow4_3mm.uasset" 646
"../../../Engine/Plugins/Animation/ControlRig/Content/Controls/ControlRig_Arrow4_3mm.uexp" 647
"../../../Engine/Plugins/Animation/ControlRig/Content/Controls/ControlRig_Arrow4_1mm.ubulk" 648
"../../../Engine/Plugins/Animation/ControlRig/Content/Controls/ControlRig_Arrow4_1mm.uasset" 649
"../../../Engine/Plugins/Animation/ControlRig/Content/Controls/ControlRig_Arrow4_1mm.uexp" 650
"../../../Engine/Plugins/Animation/ControlRig/Content/Controls/ControlRig_Arrow2_solid.ubulk" 651
"../../../Engine/Plugins/Animation/ControlRig/Content/Controls/ControlRig_Arrow2_solid.uasset" 652
"../../../Engine/Plugins/Animation/ControlRig/Content/Controls/ControlRig_Arrow2_solid.uexp" 653
"../../../Engine/Plugins/Animation/ControlRig/Content/Controls/ControlRig_Arrow2_3mm.ubulk" 654
"../../../Engine/Plugins/Animation/ControlRig/Content/Controls/ControlRig_Arrow2_3mm.uasset" 655
"../../../Engine/Plugins/Animation/ControlRig/Content/Controls/ControlRig_Arrow2_3mm.uexp" 656
"../../../Engine/Plugins/Animation/ControlRig/Content/Controls/ControlRig_Arrow2_1mm.ubulk" 657
"../../../Engine/Plugins/Animation/ControlRig/Content/Controls/ControlRig_Arrow2_1mm.uasset" 658
"../../../Engine/Plugins/Animation/ControlRig/Content/Controls/ControlRig_Arrow2_1mm.uexp" 659
"../../../Engine/Content/EngineResources/WhiteSquareTexture.uasset" 660
"../../../Engine/Content/EngineResources/WhiteSquareTexture.uexp" 661
"../../../Engine/Content/EngineMaterials/Widget3DPassThrough.uasset" 662
"../../../Engine/Content/EngineMaterials/Widget3DPassThrough.uexp" 663
"../../../Engine/Content/EngineMaterials/Widget3DPassThrough_Translucent.uasset" 664
"../../../Engine/Content/EngineMaterials/Widget3DPassThrough_Translucent.uexp" 665
"../../../Engine/Content/EngineMaterials/Widget3DPassThrough_Translucent_OneSided.uasset" 666
"../../../Engine/Content/EngineMaterials/Widget3DPassThrough_Translucent_OneSided.uexp" 667
"../../../Engine/Content/EngineMaterials/Widget3DPassThrough_Opaque.uasset" 668
"../../../Engine/Content/EngineMaterials/Widget3DPassThrough_Opaque.uexp" 669
"../../../Engine/Content/EngineMaterials/Widget3DPassThrough_Opaque_OneSided.uasset" 670
"../../../Engine/Content/EngineMaterials/Widget3DPassThrough_Opaque_OneSided.uexp" 671
"../../../Engine/Content/EngineMaterials/Widget3DPassThrough_Masked_OneSided.uasset" 672
"../../../Engine/Content/EngineMaterials/Widget3DPassThrough_Masked_OneSided.uexp" 673
"../../../Engine/Content/EngineMaterials/Widget3DPassThrough_Masked.uasset" 674
"../../../Engine/Content/EngineMaterials/Widget3DPassThrough_Masked.uexp" 675
"../../../Engine/Content/EngineMaterials/WeightMapPlaceholderTexture.uasset" 676
"../../../Engine/Content/EngineMaterials/WeightMapPlaceholderTexture.uexp" 677
"../../../Engine/Content/EngineMaterials/WeightMapArrayPlaceholderTexture.uasset" 678
"../../../Engine/Content/EngineMaterials/WeightMapArrayPlaceholderTexture.uexp" 679
"../../../Engine/Content/EditorMaterials/Camera/CineMat.uasset" 680
"../../../Engine/Content/EditorMaterials/Camera/CineMat.uexp" 681
"../../../Engine/Content/EditorMaterials/Camera/MI_CineMat_Rig.uasset" 682
"../../../Engine/Content/EditorMaterials/Camera/MI_CineMat_Rig.uexp" 683
"../../../Engine/Content/EditorMeshes/Camera/SM_RailRig_Track.ubulk" 684
"../../../Engine/Content/EditorMeshes/Camera/SM_RailRig_Track.uasset" 685
"../../../Engine/Content/EditorMeshes/Camera/SM_RailRig_Track.uexp" 686
"../../../Engine/Content/EditorMeshes/Camera/SM_RailRig_Mount.ubulk" 687
"../../../Engine/Content/EditorMeshes/Camera/SM_RailRig_Mount.uasset" 688
"../../../Engine/Content/EditorMeshes/Camera/SM_RailRig_Mount.uexp" 689
"../../../Engine/Content/EditorMeshes/Camera/SM_CraneRig_Mount.ubulk" 690
"../../../Engine/Content/EditorMeshes/Camera/SM_CraneRig_Mount.uasset" 691
"../../../Engine/Content/EditorMeshes/Camera/SM_CraneRig_Mount.uexp" 692
"../../../Engine/Content/EditorMeshes/Camera/SM_CraneRig_Body.ubulk" 693
"../../../Engine/Content/EditorMeshes/Camera/SM_CraneRig_Body.uasset" 694
"../../../Engine/Content/EditorMeshes/Camera/SM_CraneRig_Body.uexp" 695
"../../../Engine/Content/EditorMeshes/Camera/SM_CraneRig_Base.ubulk" 696
"../../../Engine/Content/EditorMeshes/Camera/SM_CraneRig_Base.uasset" 697
"../../../Engine/Content/EditorMeshes/Camera/SM_CraneRig_Base.uexp" 698
"../../../Engine/Content/EditorMeshes/Camera/SM_CraneRig_Arm.ubulk" 699
"../../../Engine/Content/EditorMeshes/Camera/SM_CraneRig_Arm.uasset" 700
"../../../Engine/Content/EditorMeshes/Camera/SM_CraneRig_Arm.uexp" 701
"../../../Engine/Plugins/Interchange/Assets/Content/gltf/Textures/T_White_srgb.uasset" 702
"../../../Engine/Plugins/Interchange/Assets/Content/gltf/Textures/T_White_srgb.uexp" 703
"../../../Engine/Plugins/Interchange/Assets/Content/gltf/MaterialFunctions/MF_BaseColor.uasset" 704
"../../../Engine/Plugins/Interchange/Assets/Content/gltf/MaterialFunctions/MF_BaseColor.uexp" 705
"../../../Engine/Plugins/Interchange/Assets/Content/gltf/MaterialFunctions/MF_RotateV2.uasset" 706
"../../../Engine/Plugins/Interchange/Assets/Content/gltf/MaterialFunctions/MF_RotateV2.uexp" 707
"../../../Engine/Plugins/Interchange/Assets/Content/gltf/MaterialFunctions/MF_TransformUVs.uasset" 708
"../../../Engine/Plugins/Interchange/Assets/Content/gltf/MaterialFunctions/MF_TransformUVs.uexp" 709
"../../../Engine/Plugins/Interchange/Assets/Content/gltf/MaterialBodies/MF_Unlit_Body.uasset" 710
"../../../Engine/Plugins/Interchange/Assets/Content/gltf/MaterialBodies/MF_Unlit_Body.uexp" 711
"../../../Engine/Plugins/Interchange/Assets/Content/gltf/M_Unlit.uasset" 712
"../../../Engine/Plugins/Interchange/Assets/Content/gltf/M_Unlit.uexp" 713
"../../../Engine/Plugins/Interchange/Assets/Content/gltf/MaterialInstances/MI_Unlit_Opaque_DS.uasset" 714
"../../../Engine/Plugins/Interchange/Assets/Content/gltf/MaterialInstances/MI_Unlit_Opaque_DS.uexp" 715
"../../../Engine/Plugins/Interchange/Assets/Content/gltf/MaterialInstances/MI_Unlit_Opaque.uasset" 716
"../../../Engine/Plugins/Interchange/Assets/Content/gltf/MaterialInstances/MI_Unlit_Opaque.uexp" 717
"../../../Engine/Plugins/Interchange/Assets/Content/gltf/MaterialInstances/MI_Unlit_Mask_DS.uasset" 718
"../../../Engine/Plugins/Interchange/Assets/Content/gltf/MaterialInstances/MI_Unlit_Mask_DS.uexp" 719
"../../../Engine/Plugins/Interchange/Assets/Content/gltf/MaterialInstances/MI_Unlit_Mask.uasset" 720
"../../../Engine/Plugins/Interchange/Assets/Content/gltf/MaterialInstances/MI_Unlit_Mask.uexp" 721
"../../../Engine/Plugins/Interchange/Assets/Content/gltf/MaterialInstances/MI_Unlit_Blend_DS.uasset" 722
"../../../Engine/Plugins/Interchange/Assets/Content/gltf/MaterialInstances/MI_Unlit_Blend_DS.uexp" 723
"../../../Engine/Plugins/Interchange/Assets/Content/gltf/MaterialInstances/MI_Unlit_Blend.uasset" 724
"../../../Engine/Plugins/Interchange/Assets/Content/gltf/MaterialInstances/MI_Unlit_Blend.uexp" 725
"../../../Engine/Content/EngineMaterials/Good64x64TilingNoiseHighFreq.uasset" 726
"../../../Engine/Content/EngineMaterials/Good64x64TilingNoiseHighFreq.uexp" 727
"../../../Engine/Content/Functions/Engine_MaterialFunctions02/Texturing/ScreenAlignedPixelToPixelUVs.uasset" 728
"../../../Engine/Content/Functions/Engine_MaterialFunctions02/Texturing/ScreenAlignedPixelToPixelUVs.uexp" 729
"../../../Engine/Plugins/Interchange/Assets/Content/Utilities/New_LUT.uasset" 730
"../../../Engine/Plugins/Interchange/Assets/Content/Utilities/New_LUT.uexp" 731
"../../../Engine/Content/Functions/Engine_MaterialFunctions03/Math/RemapValueRange.uasset" 732
"../../../Engine/Content/Functions/Engine_MaterialFunctions03/Math/RemapValueRange.uexp" 733
"../../../Engine/Plugins/Interchange/Assets/Content/Functions/MF_Iridescence.uasset" 734
"../../../Engine/Plugins/Interchange/Assets/Content/Functions/MF_Iridescence.uexp" 735
"../../../Engine/Plugins/Interchange/Assets/Content/gltf/MaterialFunctions/MF_Fresnel_DS.uasset" 736
"../../../Engine/Plugins/Interchange/Assets/Content/gltf/MaterialFunctions/MF_Fresnel_DS.uexp" 737
"../../../Engine/Plugins/Interchange/Assets/Content/gltf/MaterialFunctions/MF_IOR.uasset" 738
"../../../Engine/Plugins/Interchange/Assets/Content/gltf/MaterialFunctions/MF_IOR.uexp" 739
"../../../Engine/Plugins/Interchange/Assets/Content/gltf/MaterialFunctions/MF_Iridescence.uasset" 740
"../../../Engine/Plugins/Interchange/Assets/Content/gltf/MaterialFunctions/MF_Iridescence.uexp" 741
"../../../Engine/Plugins/Interchange/Assets/Content/gltf/Textures/T_White_Linear.uasset" 742
"../../../Engine/Plugins/Interchange/Assets/Content/gltf/Textures/T_White_Linear.uexp" 743
"../../../Engine/Plugins/Interchange/Assets/Content/gltf/MaterialFunctions/MF_MetallicRoughness.uasset" 744
"../../../Engine/Plugins/Interchange/Assets/Content/gltf/MaterialFunctions/MF_MetallicRoughness.uexp" 745
"../../../Engine/Content/Functions/Engine_MaterialFunctions02/Math/Transform3x3Matrix.uasset" 746
"../../../Engine/Content/Functions/Engine_MaterialFunctions02/Math/Transform3x3Matrix.uexp" 747
"../../../Engine/Plugins/Interchange/Assets/Content/gltf/MaterialFunctions/MF_RotateNormals_TS.uasset" 748
"../../../Engine/Plugins/Interchange/Assets/Content/gltf/MaterialFunctions/MF_RotateNormals_TS.uexp" 749
"../../../Engine/Plugins/Interchange/Assets/Content/gltf/MaterialFunctions/MF_ScaleNormal.uasset" 750
"../../../Engine/Plugins/Interchange/Assets/Content/gltf/MaterialFunctions/MF_ScaleNormal.uexp" 751
"../../../Engine/Plugins/Interchange/Assets/Content/gltf/Textures/T_Generic_N.uasset" 752
"../../../Engine/Plugins/Interchange/Assets/Content/gltf/Textures/T_Generic_N.uexp" 753
"../../../Engine/Plugins/Interchange/Assets/Content/gltf/MaterialFunctions/MF_Normals.uasset" 754
"../../../Engine/Plugins/Interchange/Assets/Content/gltf/MaterialFunctions/MF_Normals.uexp" 755
"../../../Engine/Plugins/Interchange/Assets/Content/gltf/MaterialFunctions/MF_Occlusion.uasset" 756
"../../../Engine/Plugins/Interchange/Assets/Content/gltf/MaterialFunctions/MF_Occlusion.uexp" 757
"../../../Engine/Plugins/Interchange/Assets/Content/gltf/MaterialFunctions/MF_Specular.uasset" 758
"../../../Engine/Plugins/Interchange/Assets/Content/gltf/MaterialFunctions/MF_Specular.uexp" 759
"../../../Engine/Plugins/Interchange/Assets/Content/gltf/Textures/T_Anisotropy_Direction_Linear.uasset" 760
"../../../Engine/Plugins/Interchange/Assets/Content/gltf/Textures/T_Anisotropy_Direction_Linear.uexp" 761
"../../../Engine/Plugins/Interchange/Assets/Content/gltf/MaterialFunctions/MF_SpecularAnisotropy.uasset" 762
"../../../Engine/Plugins/Interchange/Assets/Content/gltf/MaterialFunctions/MF_SpecularAnisotropy.uexp" 763
"../../../Engine/Plugins/Interchange/Assets/Content/gltf/MaterialFunctions/MF_Temporal_Blur.uasset" 764
"../../../Engine/Plugins/Interchange/Assets/Content/gltf/MaterialFunctions/MF_Temporal_Blur.uexp" 765
"../../../Engine/Plugins/Interchange/Assets/Content/gltf/MaterialFunctions/MF_Transmission.uasset" 766
"../../../Engine/Plugins/Interchange/Assets/Content/gltf/MaterialFunctions/MF_Transmission.uexp" 767
"../../../Engine/Plugins/Interchange/Assets/Content/gltf/MaterialBodies/MF_Transmission_Body.uasset" 768
"../../../Engine/Plugins/Interchange/Assets/Content/gltf/MaterialBodies/MF_Transmission_Body.uexp" 769
"../../../Engine/Plugins/Interchange/Assets/Content/gltf/M_Transmission.uasset" 770
"../../../Engine/Plugins/Interchange/Assets/Content/gltf/M_Transmission.uexp" 771
"../../../Engine/Plugins/Interchange/Assets/Content/gltf/MaterialInstances/MI_Transmission_DS.uasset" 772
"../../../Engine/Plugins/Interchange/Assets/Content/gltf/MaterialInstances/MI_Transmission_DS.uexp" 773
"../../../Engine/Plugins/Interchange/Assets/Content/gltf/MaterialInstances/MI_Transmission.uasset" 774
"../../../Engine/Plugins/Interchange/Assets/Content/gltf/MaterialInstances/MI_Transmission.uexp" 775
"../../../Engine/Content/Functions/Engine_MaterialFunctions02/Math/AddComponents.uasset" 776
"../../../Engine/Content/Functions/Engine_MaterialFunctions02/Math/AddComponents.uexp" 777
"../../../Engine/Plugins/Interchange/Assets/Content/gltf/MaterialFunctions/MF_DiffuseSpecGloss.uasset" 778
"../../../Engine/Plugins/Interchange/Assets/Content/gltf/MaterialFunctions/MF_DiffuseSpecGloss.uexp" 779
"../../../Engine/Plugins/Interchange/Assets/Content/gltf/MaterialFunctions/MF_Emissive.uasset" 780
"../../../Engine/Plugins/Interchange/Assets/Content/gltf/MaterialFunctions/MF_Emissive.uexp" 781
"../../../Engine/Plugins/Interchange/Assets/Content/gltf/MaterialFunctions/MF_MaxComponentValue.uasset" 782
"../../../Engine/Plugins/Interchange/Assets/Content/gltf/MaterialFunctions/MF_MaxComponentValue.uexp" 783
"../../../Engine/Plugins/Interchange/Assets/Content/gltf/MaterialFunctions/MF_PerceivedBrightness.uasset" 784
"../../../Engine/Plugins/Interchange/Assets/Content/gltf/MaterialFunctions/MF_PerceivedBrightness.uexp" 785
"../../../Engine/Plugins/Interchange/Assets/Content/gltf/MaterialFunctions/MF_SpecGlossToMetalRoughness.uasset" 786
"../../../Engine/Plugins/Interchange/Assets/Content/gltf/MaterialFunctions/MF_SpecGlossToMetalRoughness.uexp" 787
"../../../Engine/Plugins/Interchange/Assets/Content/gltf/MaterialBodies/MF_SpecularGlossiness_Body.uasset" 788
"../../../Engine/Plugins/Interchange/Assets/Content/gltf/MaterialBodies/MF_SpecularGlossiness_Body.uexp" 789
"../../../Engine/Plugins/Interchange/Assets/Content/gltf/M_SpecularGlossiness.uasset" 790
"../../../Engine/Plugins/Interchange/Assets/Content/gltf/M_SpecularGlossiness.uexp" 791
"../../../Engine/Plugins/Interchange/Assets/Content/gltf/MaterialInstances/MI_SpecularGlossiness_Opaque_DS.uasset" 792
"../../../Engine/Plugins/Interchange/Assets/Content/gltf/MaterialInstances/MI_SpecularGlossiness_Opaque_DS.uexp" 793
"../../../Engine/Plugins/Interchange/Assets/Content/gltf/MaterialInstances/MI_SpecularGlossiness_Opaque.uasset" 794
"../../../Engine/Plugins/Interchange/Assets/Content/gltf/MaterialInstances/MI_SpecularGlossiness_Opaque.uexp" 795
"../../../Engine/Plugins/Interchange/Assets/Content/gltf/MaterialInstances/MI_SpecularGlossiness_Mask_DS.uasset" 796
"../../../Engine/Plugins/Interchange/Assets/Content/gltf/MaterialInstances/MI_SpecularGlossiness_Mask_DS.uexp" 797
"../../../Engine/Plugins/Interchange/Assets/Content/gltf/MaterialInstances/MI_SpecularGlossiness_Mask.uasset" 798
"../../../Engine/Plugins/Interchange/Assets/Content/gltf/MaterialInstances/MI_SpecularGlossiness_Mask.uexp" 799
"../../../Engine/Plugins/Interchange/Assets/Content/gltf/MaterialInstances/MI_SpecularGlossiness_Blend_DS.uasset" 800
"../../../Engine/Plugins/Interchange/Assets/Content/gltf/MaterialInstances/MI_SpecularGlossiness_Blend_DS.uexp" 801
"../../../Engine/Plugins/Interchange/Assets/Content/gltf/MaterialInstances/MI_SpecularGlossiness_Blend.uasset" 802
"../../../Engine/Plugins/Interchange/Assets/Content/gltf/MaterialInstances/MI_SpecularGlossiness_Blend.uexp" 803
"../../../Engine/Plugins/Interchange/Assets/Content/gltf/MaterialFunctions/MF_Sheen.uasset" 804
"../../../Engine/Plugins/Interchange/Assets/Content/gltf/MaterialFunctions/MF_Sheen.uexp" 805
"../../../Engine/Plugins/Interchange/Assets/Content/gltf/MaterialBodies/MF_Sheen_Body.uasset" 806
"../../../Engine/Plugins/Interchange/Assets/Content/gltf/MaterialBodies/MF_Sheen_Body.uexp" 807
"../../../Engine/Plugins/Interchange/Assets/Content/gltf/M_Sheen.uasset" 808
"../../../Engine/Plugins/Interchange/Assets/Content/gltf/M_Sheen.uexp" 809
"../../../Engine/Plugins/Interchange/Assets/Content/gltf/MaterialInstances/MI_Sheen_Opaque_DS.uasset" 810
"../../../Engine/Plugins/Interchange/Assets/Content/gltf/MaterialInstances/MI_Sheen_Opaque_DS.uexp" 811
"../../../Engine/Plugins/Interchange/Assets/Content/gltf/MaterialInstances/MI_Sheen_Opaque.uasset" 812
"../../../Engine/Plugins/Interchange/Assets/Content/gltf/MaterialInstances/MI_Sheen_Opaque.uexp" 813
"../../../Engine/Plugins/Interchange/Assets/Content/gltf/MaterialInstances/MI_Sheen_Mask_DS.uasset" 814
"../../../Engine/Plugins/Interchange/Assets/Content/gltf/MaterialInstances/MI_Sheen_Mask_DS.uexp" 815
"../../../Engine/Plugins/Interchange/Assets/Content/gltf/MaterialInstances/MI_Sheen_Mask.uasset" 816
"../../../Engine/Plugins/Interchange/Assets/Content/gltf/MaterialInstances/MI_Sheen_Mask.uexp" 817
"../../../Engine/Plugins/Interchange/Assets/Content/gltf/MaterialInstances/MI_Sheen_Blend_DS.uasset" 818
"../../../Engine/Plugins/Interchange/Assets/Content/gltf/MaterialInstances/MI_Sheen_Blend_DS.uexp" 819
"../../../Engine/Plugins/Interchange/Assets/Content/gltf/MaterialInstances/MI_Sheen_Blend.uasset" 820
"../../../Engine/Plugins/Interchange/Assets/Content/gltf/MaterialInstances/MI_Sheen_Blend.uexp" 821
"../../../Engine/Plugins/Interchange/Assets/Content/gltf/MaterialBodies/MF_Default_Body.uasset" 822
"../../../Engine/Plugins/Interchange/Assets/Content/gltf/MaterialBodies/MF_Default_Body.uexp" 823
"../../../Engine/Plugins/Interchange/Assets/Content/gltf/M_Default.uasset" 824
"../../../Engine/Plugins/Interchange/Assets/Content/gltf/M_Default.uexp" 825
"../../../Engine/Plugins/Interchange/Assets/Content/gltf/MaterialInstances/MI_Default_Opaque_DS.uasset" 826
"../../../Engine/Plugins/Interchange/Assets/Content/gltf/MaterialInstances/MI_Default_Opaque_DS.uexp" 827
"../../../Engine/Plugins/Interchange/Assets/Content/gltf/MaterialInstances/MI_Default_Opaque.uasset" 828
"../../../Engine/Plugins/Interchange/Assets/Content/gltf/MaterialInstances/MI_Default_Opaque.uexp" 829
"../../../Engine/Plugins/Interchange/Assets/Content/gltf/MaterialInstances/MI_Default_Mask_DS.uasset" 830
"../../../Engine/Plugins/Interchange/Assets/Content/gltf/MaterialInstances/MI_Default_Mask_DS.uexp" 831
"../../../Engine/Plugins/Interchange/Assets/Content/gltf/MaterialInstances/MI_Default_Mask.uasset" 832
"../../../Engine/Plugins/Interchange/Assets/Content/gltf/MaterialInstances/MI_Default_Mask.uexp" 833
"../../../Engine/Plugins/Interchange/Assets/Content/gltf/MaterialInstances/MI_Default_Blend_DS.uasset" 834
"../../../Engine/Plugins/Interchange/Assets/Content/gltf/MaterialInstances/MI_Default_Blend_DS.uexp" 835
"../../../Engine/Plugins/Interchange/Assets/Content/gltf/MaterialInstances/MI_Default_Blend.uasset" 836
"../../../Engine/Plugins/Interchange/Assets/Content/gltf/MaterialInstances/MI_Default_Blend.uexp" 837
"../../../Engine/Content/Functions/Engine_MaterialFunctions01/Texturing/FlattenNormal.uasset" 838
"../../../Engine/Content/Functions/Engine_MaterialFunctions01/Texturing/FlattenNormal.uexp" 839
"../../../Engine/Plugins/Interchange/Assets/Content/gltf/MaterialFunctions/MF_Clearcoat.uasset" 840
"../../../Engine/Plugins/Interchange/Assets/Content/gltf/MaterialFunctions/MF_Clearcoat.uexp" 841
"../../../Engine/Plugins/Interchange/Assets/Content/gltf/MaterialBodies/MF_ClearCoat_Body.uasset" 842
"../../../Engine/Plugins/Interchange/Assets/Content/gltf/MaterialBodies/MF_ClearCoat_Body.uexp" 843
"../../../Engine/Plugins/Interchange/Assets/Content/gltf/M_ClearCoat.uasset" 844
"../../../Engine/Plugins/Interchange/Assets/Content/gltf/M_ClearCoat.uexp" 845
"../../../Engine/Plugins/Interchange/Assets/Content/gltf/MaterialInstances/MI_ClearCoat_Opaque_DS.uasset" 846
"../../../Engine/Plugins/Interchange/Assets/Content/gltf/MaterialInstances/MI_ClearCoat_Opaque_DS.uexp" 847
"../../../Engine/Plugins/Interchange/Assets/Content/gltf/MaterialInstances/MI_ClearCoat_Opaque.uasset" 848
"../../../Engine/Plugins/Interchange/Assets/Content/gltf/MaterialInstances/MI_ClearCoat_Opaque.uexp" 849
"../../../Engine/Plugins/Interchange/Assets/Content/gltf/MaterialInstances/MI_ClearCoat_Mask_DS.uasset" 850
"../../../Engine/Plugins/Interchange/Assets/Content/gltf/MaterialInstances/MI_ClearCoat_Mask_DS.uexp" 851
"../../../Engine/Plugins/Interchange/Assets/Content/gltf/MaterialInstances/MI_ClearCoat_Mask.uasset" 852
"../../../Engine/Plugins/Interchange/Assets/Content/gltf/MaterialInstances/MI_ClearCoat_Mask.uexp" 853
"../../../Engine/Plugins/Interchange/Assets/Content/gltf/MaterialInstances/MI_ClearCoat_Blend_DS.uasset" 854
"../../../Engine/Plugins/Interchange/Assets/Content/gltf/MaterialInstances/MI_ClearCoat_Blend_DS.uexp" 855
"../../../Engine/Plugins/Interchange/Assets/Content/gltf/MaterialInstances/MI_ClearCoat_Blend.uasset" 856
"../../../Engine/Plugins/Interchange/Assets/Content/gltf/MaterialInstances/MI_ClearCoat_Blend.uexp" 857
"../../../Engine/Content/VREditor/TransformGizmo/Xray.uasset" 858
"../../../Engine/Content/VREditor/TransformGizmo/Xray.uexp" 859
"../../../Engine/Content/VREditor/TransformGizmo/Main.uasset" 860
"../../../Engine/Content/VREditor/TransformGizmo/Main.uexp" 861
"../../../Engine/Content/VREditor/TransformGizmo/SM_Sequencer_Node.ubulk" 862
"../../../Engine/Content/VREditor/TransformGizmo/SM_Sequencer_Node.uasset" 863
"../../../Engine/Content/VREditor/TransformGizmo/SM_Sequencer_Node.uexp" 864
"../../../Engine/Content/VREditor/TransformGizmo/TranslucentTransformGizmoMaterial.uasset" 865
"../../../Engine/Content/VREditor/TransformGizmo/TranslucentTransformGizmoMaterial.uexp" 866
"../../../Engine/Content/VREditor/LaserPointer/VR_LaserPower_01.ubulk" 867
"../../../Engine/Content/VREditor/LaserPointer/VR_LaserPower_01.uasset" 868
"../../../Engine/Content/VREditor/LaserPointer/VR_LaserPower_01.uexp" 869
"../../../Engine/Content/VREditor/TransformGizmo/TransformGizmoMaterial.uasset" 870
"../../../Engine/Content/VREditor/TransformGizmo/TransformGizmoMaterial.uexp" 871
"../../../Engine/Content/VREditor/TransformGizmo/BoundingBoxEdge.ubulk" 872
"../../../Engine/Content/VREditor/TransformGizmo/BoundingBoxEdge.uasset" 873
"../../../Engine/Content/VREditor/TransformGizmo/BoundingBoxEdge.uexp" 874
"../../../Engine/Content/VREditor/TransformGizmo/BoundingBoxCorner.ubulk" 875
"../../../Engine/Content/VREditor/TransformGizmo/BoundingBoxCorner.uasset" 876
"../../../Engine/Content/VREditor/TransformGizmo/BoundingBoxCorner.uexp" 877
"../../../Engine/Content/ArtTools/RenderToTexture/Meshes/S_1_Unit_Plane.ubulk" 878
"../../../Engine/Content/ArtTools/RenderToTexture/Meshes/S_1_Unit_Plane.uasset" 879
"../../../Engine/Content/ArtTools/RenderToTexture/Meshes/S_1_Unit_Plane.uexp" 880
"../../../Engine/Content/EngineMaterials/Substrate/Volume/SubstrateSimpleVolumeLUT3D.uasset" 881
"../../../Engine/Content/EngineMaterials/Substrate/Volume/SubstrateSimpleVolumeLUT3D.uexp" 882
"../../../Engine/Content/EngineMaterials/Substrate/Volume/SubstrateSimpleVolumeEnvLUT3D.uasset" 883
"../../../Engine/Content/EngineMaterials/Substrate/Volume/SubstrateSimpleVolumeEnvLUT3D.uexp" 884
"../../../Engine/Content/EngineMaterials/Substrate/Glints2/AGlintTex2dArray2.uasset" 885
"../../../Engine/Content/EngineMaterials/Substrate/Glints2/AGlintTex2dArray2.uexp" 886
"../../../Engine/Content/EngineMaterials/Substrate/GLints/AGlintTex2dArray.uasset" 887
"../../../Engine/Content/EngineMaterials/Substrate/GLints/AGlintTex2dArray.uexp" 888
"../../../Engine/Plugins/NNE/NNEDenoiser/Content/NNED_Oidn2-3_HighQuality_Alpha.uasset" 889
"../../../Engine/Plugins/NNE/NNEDenoiser/Content/NNED_Oidn2-3_HighQuality_Alpha.uexp" 890
"../../../Engine/Plugins/NNE/NNEDenoiser/Content/NNED_Oidn2-3_HighQuality.uasset" 891
"../../../Engine/Plugins/NNE/NNEDenoiser/Content/NNED_Oidn2-3_HighQuality.uexp" 892
"../../../Engine/Plugins/NNE/NNEDenoiser/Content/NNED_Oidn2-3_Fast_Alpha.uasset" 893
"../../../Engine/Plugins/NNE/NNEDenoiser/Content/NNED_Oidn2-3_Fast_Alpha.uexp" 894
"../../../Engine/Plugins/NNE/NNEDenoiser/Content/NNED_Oidn2-3_Fast.uasset" 895
"../../../Engine/Plugins/NNE/NNEDenoiser/Content/NNED_Oidn2-3_Fast.uexp" 896
"../../../Engine/Plugins/NNE/NNEDenoiser/Content/NNED_Oidn2-3_Balanced_Alpha.uasset" 897
"../../../Engine/Plugins/NNE/NNEDenoiser/Content/NNED_Oidn2-3_Balanced_Alpha.uexp" 898
"../../../Engine/Plugins/NNE/NNEDenoiser/Content/NNED_Oidn2-3_Balanced.uasset" 899
"../../../Engine/Plugins/NNE/NNEDenoiser/Content/NNED_Oidn2-3_Balanced.uexp" 900
"../../../Engine/Plugins/NNE/NNEDenoiser/Content/NNEDT_Oidn2-3_Balanced_Alpha.uasset" 901
"../../../Engine/Plugins/NNE/NNEDenoiser/Content/NNEDT_Oidn2-3_Balanced_Alpha.uexp" 902
"../../../Engine/Plugins/NNE/NNEDenoiser/Content/NNEDT_Oidn2-3_Balanced.uasset" 903
"../../../Engine/Plugins/NNE/NNEDenoiser/Content/NNEDT_Oidn2-3_Balanced.uexp" 904
"../../../Engine/Plugins/Animation/DeformerGraph/Content/DeformerFunctions/DG_Function_LinearBlendSkin_Morph_Cloth_PositionOnly.uasset" 905
"../../../Engine/Plugins/Animation/DeformerGraph/Content/DeformerFunctions/DG_Function_LinearBlendSkin_Morph_Cloth_PositionOnly.uexp" 906
"../../../Engine/Plugins/Animation/DeformerGraph/Content/DeformerFunctions/DG_Function_ComputeNormalsTangents.uasset" 907
"../../../Engine/Plugins/Animation/DeformerGraph/Content/DeformerFunctions/DG_Function_ComputeNormalsTangents.uexp" 908
"../../../Engine/Plugins/Animation/DeformerGraph/Content/Deformers/DG_LinearBlendSkin_Morph_Cloth_RecomputeNormals.uasset" 909
"../../../Engine/Plugins/Animation/DeformerGraph/Content/Deformers/DG_LinearBlendSkin_Morph_Cloth_RecomputeNormals.uexp" 910
"../../../Engine/Plugins/Animation/DeformerGraph/Content/DeformerFunctions/DG_Function_LinearBlendSkin_Morph_Cloth.uasset" 911
"../../../Engine/Plugins/Animation/DeformerGraph/Content/DeformerFunctions/DG_Function_LinearBlendSkin_Morph_Cloth.uexp" 912
"../../../Engine/Plugins/Animation/DeformerGraph/Content/Deformers/DG_LinearBlendSkin_Morph_Cloth.uasset" 913
"../../../Engine/Plugins/Animation/DeformerGraph/Content/Deformers/DG_LinearBlendSkin_Morph_Cloth.uexp" 914
"../../../Engine/Content/VREditor/Sounds/UI/Drop_Item_From_ContentBrowser.ubulk" 915
"../../../Engine/Content/VREditor/Sounds/UI/Drop_Item_From_ContentBrowser.uasset" 916
"../../../Engine/Content/VREditor/Sounds/UI/Drop_Item_From_ContentBrowser.uexp" 917
"../../../Engine/Content/VREditor/TransformGizmo/TransformGizmoMaterial_Inst.uasset" 918
"../../../Engine/Content/VREditor/TransformGizmo/TransformGizmoMaterial_Inst.uexp" 919
"../../../Engine/Content/VREditor/TransformGizmo/TranslucentTransformGizmoMaterial_Inst.uasset" 920
"../../../Engine/Content/VREditor/TransformGizmo/TranslucentTransformGizmoMaterial_Inst.uexp" 921
"../../../Engine/Content/Functions/Engine_MaterialFunctions02/SplitComponents.uasset" 922
"../../../Engine/Content/Functions/Engine_MaterialFunctions02/SplitComponents.uexp" 923
"../../../Engine/Content/VREditor/SnapGrid/SnapGridMaterial.uasset" 924
"../../../Engine/Content/VREditor/SnapGrid/SnapGridMaterial.uexp" 925
"../../../Engine/Content/VREditor/SnapGrid/SnapGridPlaneMesh.ubulk" 926
"../../../Engine/Content/VREditor/SnapGrid/SnapGridPlaneMesh.uasset" 927
"../../../Engine/Content/VREditor/SnapGrid/SnapGridPlaneMesh.uexp" 928
"../../../Engine/Content/VREditor/Sounds/UI/Gizmo_Handle_Clicked.ubulk" 929
"../../../Engine/Content/VREditor/Sounds/UI/Gizmo_Handle_Clicked.uasset" 930
"../../../Engine/Content/VREditor/Sounds/UI/Gizmo_Handle_Clicked.uexp" 931
"../../../Engine/Content/VREditor/Sounds/UI/Object_PickUp.ubulk" 932
"../../../Engine/Content/VREditor/Sounds/UI/Object_PickUp.uasset" 933
"../../../Engine/Content/VREditor/Sounds/UI/Object_PickUp.uexp" 934
"../../../Engine/Content/VREditor/Sounds/UI/Object_Snaps_To_Another_Actor.ubulk" 935
"../../../Engine/Content/VREditor/Sounds/UI/Object_Snaps_To_Another_Actor.uasset" 936
"../../../Engine/Content/VREditor/Sounds/UI/Object_Snaps_To_Another_Actor.uexp" 937
"../../../Engine/Content/VREditor/Sounds/UI/Object_Snaps_To_Grid.ubulk" 938
"../../../Engine/Content/VREditor/Sounds/UI/Object_Snaps_To_Grid.uasset" 939
"../../../Engine/Content/VREditor/Sounds/UI/Object_Snaps_To_Grid.uexp" 940
"../../../Engine/Content/VREditor/Sounds/UI/Scaling_Down.ubulk" 941
"../../../Engine/Content/VREditor/Sounds/UI/Scaling_Down.uasset" 942
"../../../Engine/Content/VREditor/Sounds/UI/Scaling_Down.uexp" 943
"../../../Engine/Content/VREditor/Sounds/UI/Scaling_Up.ubulk" 944
"../../../Engine/Content/VREditor/Sounds/UI/Scaling_Up.uasset" 945
"../../../Engine/Content/VREditor/Sounds/UI/Scaling_Up.uexp" 946
"../../../Engine/Content/VREditor/Sounds/UI/Selection_Changes.ubulk" 947
"../../../Engine/Content/VREditor/Sounds/UI/Selection_Changes.uasset" 948
"../../../Engine/Content/VREditor/Sounds/UI/Selection_Changes.uexp" 949
"../../../Engine/Content/VREditor/TransformGizmo/PlaneTranslationHandle.ubulk" 950
"../../../Engine/Content/VREditor/TransformGizmo/PlaneTranslationHandle.uasset" 951
"../../../Engine/Content/VREditor/TransformGizmo/PlaneTranslationHandle.uexp" 952
"../../../Engine/Content/VREditor/TransformGizmo/RotationHandleFull.ubulk" 953
"../../../Engine/Content/VREditor/TransformGizmo/RotationHandleFull.uasset" 954
"../../../Engine/Content/VREditor/TransformGizmo/RotationHandleFull.uexp" 955
"../../../Engine/Content/VREditor/TransformGizmo/RotationHandleIndicator.ubulk" 956
"../../../Engine/Content/VREditor/TransformGizmo/RotationHandleIndicator.uasset" 957
"../../../Engine/Content/VREditor/TransformGizmo/RotationHandleIndicator.uexp" 958
"../../../Engine/Content/VREditor/TransformGizmo/RotationHandleQuarter.ubulk" 959
"../../../Engine/Content/VREditor/TransformGizmo/RotationHandleQuarter.uasset" 960
"../../../Engine/Content/VREditor/TransformGizmo/RotationHandleQuarter.uexp" 961
"../../../Engine/Content/VREditor/TransformGizmo/StartRotationHandleIndicator.ubulk" 962
"../../../Engine/Content/VREditor/TransformGizmo/StartRotationHandleIndicator.uasset" 963
"../../../Engine/Content/VREditor/TransformGizmo/StartRotationHandleIndicator.uexp" 964
"../../../Engine/Content/VREditor/TransformGizmo/TransformGizmoFreeRotation.ubulk" 965
"../../../Engine/Content/VREditor/TransformGizmo/TransformGizmoFreeRotation.uasset" 966
"../../../Engine/Content/VREditor/TransformGizmo/TransformGizmoFreeRotation.uexp" 967
"../../../Engine/Content/VREditor/TransformGizmo/TranslateArrowHandle.ubulk" 968
"../../../Engine/Content/VREditor/TransformGizmo/TranslateArrowHandle.uasset" 969
"../../../Engine/Content/VREditor/TransformGizmo/TranslateArrowHandle.uexp" 970
"../../../Engine/Content/VREditor/TransformGizmo/UniformScaleHandle.ubulk" 971
"../../../Engine/Content/VREditor/TransformGizmo/UniformScaleHandle.uasset" 972
"../../../Engine/Content/VREditor/TransformGizmo/UniformScaleHandle.uexp" 973
"../../../Engine/Content/EngineResources/LandscapeVisibilityLayerInfo.uasset" 974
"../../../Engine/Content/EngineResources/LandscapeVisibilityLayerInfo.uexp" 975
"../../../Engine/Content/Maps/Entry_BuiltData.uasset" 976
"../../../Engine/Content/Maps/Entry_BuiltData.uexp" 977
"../../../Engine/Content/Maps/Entry.uexp" 978
"../../../Engine/Content/Maps/Entry.umap" 979
"C:/Users/Owner/Documents/Unreal Projects/CMP304Project/Content/Levels/Stats.uexp" 980
"C:/Users/Owner/Documents/Unreal Projects/CMP304Project/Content/Levels/Stats.umap" 981
"C:/Users/Owner/Documents/Unreal Projects/CMP304Project/Content/Levels/Menu.uexp" 982
"C:/Users/Owner/Documents/Unreal Projects/CMP304Project/Content/Levels/Menu.umap" 983
"C:/Users/Owner/Documents/Unreal Projects/CMP304Project/Content/Levels/Main.uexp" 984
"C:/Users/Owner/Documents/Unreal Projects/CMP304Project/Content/Levels/Main.ubulk" 985
"C:/Users/Owner/Documents/Unreal Projects/CMP304Project/Content/Levels/Main.umap" 986
"../../../Engine/Content/BasicShapes/Cube.ubulk" 987
"../../../Engine/Content/BasicShapes/Cube.uasset" 988
"../../../Engine/Content/BasicShapes/Cube.uexp" 989
"../../../Engine/Content/BasicShapes/BasicShapeMaterial.uasset" 990
"../../../Engine/Content/BasicShapes/BasicShapeMaterial.uexp" 991
"../../../Engine/Content/EngineSky/T_Sky_Stars.ubulk" 992
"../../../Engine/Content/EngineSky/T_Sky_Stars.uasset" 993
"../../../Engine/Content/EngineSky/T_Sky_Stars.uexp" 994
"../../../Engine/Content/EngineSky/T_Sky_Clouds_M.ubulk" 995
"../../../Engine/Content/EngineSky/T_Sky_Clouds_M.uasset" 996
"../../../Engine/Content/EngineSky/T_Sky_Clouds_M.uexp" 997
"../../../Engine/Content/EngineSky/T_Sky_Blue.ubulk" 998
"../../../Engine/Content/EngineSky/T_Sky_Blue.uasset" 999
"../../../Engine/Content/EngineSky/T_Sky_Blue.uexp" 1000
"../../../Engine/Content/EngineSky/M_Sky_Panning_Clouds2.uasset" 1001
"../../../Engine/Content/EngineSky/M_Sky_Panning_Clouds2.uexp" 1002
"../../../Engine/Content/EngineSky/SM_SkySphere.ubulk" 1003
"../../../Engine/Content/EngineSky/SM_SkySphere.uasset" 1004
"../../../Engine/Content/EngineSky/SM_SkySphere.uexp" 1005
"../../../Engine/Content/EngineSky/M_SimpleSkyDome.uasset" 1006
"../../../Engine/Content/EngineSky/M_SimpleSkyDome.uexp" 1007
"C:/Users/Owner/Documents/Unreal Projects/CMP304Project/Content/Materials/Spawner.uasset" 1008
"C:/Users/Owner/Documents/Unreal Projects/CMP304Project/Content/Materials/Spawner.uexp" 1009
"C:/Users/Owner/Documents/Unreal Projects/CMP304Project/Content/Materials/Obstacle.uasset" 1010
"C:/Users/Owner/Documents/Unreal Projects/CMP304Project/Content/Materials/Obstacle.uexp" 1011
"C:/Users/Owner/Documents/Unreal Projects/CMP304Project/Content/Materials/Goal.uasset" 1012
"C:/Users/Owner/Documents/Unreal Projects/CMP304Project/Content/Materials/Goal.uexp" 1013
"../../../Engine/Content/EngineSky/VolumetricClouds/VT_PerlinWorley_Balanced.uasset" 1014
"../../../Engine/Content/EngineSky/VolumetricClouds/VT_PerlinWorley_Balanced.uexp" 1015
"../../../Engine/Content/EngineSky/VolumetricClouds/T_Profile_08.ubulk" 1016
"../../../Engine/Content/EngineSky/VolumetricClouds/T_Profile_08.uasset" 1017
"../../../Engine/Content/EngineSky/VolumetricClouds/T_Profile_08.uexp" 1018
"../../../Engine/Content/EngineSky/VolumetricClouds/T_CloudPattern.ubulk" 1019
"../../../Engine/Content/EngineSky/VolumetricClouds/T_CloudPattern.uasset" 1020
"../../../Engine/Content/EngineSky/VolumetricClouds/T_CloudPattern.uexp" 1021
"../../../Engine/Content/EngineSky/VolumetricClouds/T_CloudMask.ubulk" 1022
"../../../Engine/Content/EngineSky/VolumetricClouds/T_CloudMask.uasset" 1023
"../../../Engine/Content/EngineSky/VolumetricClouds/T_CloudMask.uexp" 1024
"../../../Engine/Content/Functions/Engine_MaterialFunctions02/Utility/BreakOutFloat4Components.uasset" 1025
"../../../Engine/Content/Functions/Engine_MaterialFunctions02/Utility/BreakOutFloat4Components.uexp" 1026
"../../../Engine/Content/Functions/Engine_MaterialFunctions02/Utility/MakeFloat4.uasset" 1027
"../../../Engine/Content/Functions/Engine_MaterialFunctions02/Utility/MakeFloat4.uexp" 1028
"../../../Engine/Content/EngineResources/DefaultVolumeTexture2D.uasset" 1029
"../../../Engine/Content/EngineResources/DefaultVolumeTexture2D.uexp" 1030
"../../../Engine/Content/EngineResources/DefaultVolumeTexture.uasset" 1031
"../../../Engine/Content/EngineResources/DefaultVolumeTexture.uexp" 1032
"../../../Engine/Content/EngineSky/VolumetricClouds/VT_Lightning.uasset" 1033
"../../../Engine/Content/EngineSky/VolumetricClouds/VT_Lightning.uexp" 1034
"../../../Engine/Content/Functions/Engine_MaterialFunctions01/Units/Km-to-Cm.uasset" 1035
"../../../Engine/Content/Functions/Engine_MaterialFunctions01/Units/Km-to-Cm.uexp" 1036
"../../../Engine/Content/EngineSky/VolumetricClouds/m_SimpleVolumetricCloud.uasset" 1037
"../../../Engine/Content/EngineSky/VolumetricClouds/m_SimpleVolumetricCloud.uexp" 1038
"../../../Engine/Content/EngineSky/VolumetricClouds/m_SimpleVolumetricCloud_Inst.uasset" 1039
"../../../Engine/Content/EngineSky/VolumetricClouds/m_SimpleVolumetricCloud_Inst.uexp" 1040
"C:/Users/Owner/Documents/Unreal Projects/CMP304Project/Content/Materials/Vision.uasset" 1041
"C:/Users/Owner/Documents/Unreal Projects/CMP304Project/Content/Materials/Vision.uexp" 1042
"C:/Users/Owner/Documents/Unreal Projects/CMP304Project/Content/Levels/_GENERATED/Owner/AIVision.ubulk" 1043
"C:/Users/Owner/Documents/Unreal Projects/CMP304Project/Content/Levels/_GENERATED/Owner/AIVision.uasset" 1044
"C:/Users/Owner/Documents/Unreal Projects/CMP304Project/Content/Levels/_GENERATED/Owner/AIVision.uexp" 1045
"C:/Users/Owner/Documents/Unreal Projects/CMP304Project/Content/AI/BB_Enemy.uasset" 1046
"C:/Users/Owner/Documents/Unreal Projects/CMP304Project/Content/AI/BB_Enemy.uexp" 1047
"C:/Users/Owner/Documents/Unreal Projects/CMP304Project/Content/AI/BT_Enemy.uasset" 1048
"C:/Users/Owner/Documents/Unreal Projects/CMP304Project/Content/AI/BT_Enemy.uexp" 1049
"C:/Users/Owner/Documents/Unreal Projects/CMP304Project/Content/Materials/Enemy.uasset" 1050
"C:/Users/Owner/Documents/Unreal Projects/CMP304Project/Content/Materials/Enemy.uexp" 1051
"C:/Users/Owner/Documents/Unreal Projects/CMP304Project/Content/Levels/_GENERATED/Owner/Enemy.ubulk" 1052
"C:/Users/Owner/Documents/Unreal Projects/CMP304Project/Content/Levels/_GENERATED/Owner/Enemy.uasset" 1053
"C:/Users/Owner/Documents/Unreal Projects/CMP304Project/Content/Levels/_GENERATED/Owner/Enemy.uexp" 1054
"C:/Users/Owner/Documents/Unreal Projects/CMP304Project/Content/Blueprints/BP_AICharacter.uasset" 1055
"C:/Users/Owner/Documents/Unreal Projects/CMP304Project/Content/Blueprints/BP_AICharacter.uexp" 1056
"C:/Users/Owner/Documents/Unreal Projects/CMP304Project/Content/Input/MoveInput.uasset" 1057
"C:/Users/Owner/Documents/Unreal Projects/CMP304Project/Content/Input/MoveInput.uexp" 1058
"C:/Users/Owner/Documents/Unreal Projects/CMP304Project/Content/Input/PlayerMapping.uasset" 1059
"C:/Users/Owner/Documents/Unreal Projects/CMP304Project/Content/Input/PlayerMapping.uexp" 1060
"C:/Users/Owner/Documents/Unreal Projects/CMP304Project/Content/Blueprints/BP_StatsUI.uasset" 1061
"C:/Users/Owner/Documents/Unreal Projects/CMP304Project/Content/Blueprints/BP_StatsUI.uexp" 1062
"C:/Users/Owner/Documents/Unreal Projects/CMP304Project/Content/Blueprints/BP_MenuUi.uasset" 1063
"C:/Users/Owner/Documents/Unreal Projects/CMP304Project/Content/Blueprints/BP_MenuUi.uexp" 1064
"C:/Users/Owner/Documents/Unreal Projects/CMP304Project/Content/Materials/Player.uasset" 1065
"C:/Users/Owner/Documents/Unreal Projects/CMP304Project/Content/Materials/Player.uexp" 1066
"C:/Users/Owner/Documents/Unreal Projects/CMP304Project/Content/Levels/_GENERATED/Owner/Player.ubulk" 1067
"C:/Users/Owner/Documents/Unreal Projects/CMP304Project/Content/Levels/_GENERATED/Owner/Player.uasset" 1068
"C:/Users/Owner/Documents/Unreal Projects/CMP304Project/Content/Levels/_GENERATED/Owner/Player.uexp" 1069
"C:/Users/Owner/Documents/Unreal Projects/CMP304Project/Content/Blueprints/BP_PlayerCharacter.uasset" 1070
"C:/Users/Owner/Documents/Unreal Projects/CMP304Project/Content/Blueprints/BP_PlayerCharacter.uexp" 1071
"C:/Users/Owner/Documents/Unreal Projects/CMP304Project/Content/Blueprints/BP_GameMode.uasset" 1072
"C:/Users/Owner/Documents/Unreal Projects/CMP304Project/Content/Blueprints/BP_GameMode.uexp" 1073
"C:/Users/Owner/Documents/Unreal Projects/CMP304Project/Content/Levels/Level3.uexp" 1074
"C:/Users/Owner/Documents/Unreal Projects/CMP304Project/Content/Levels/Level3.umap" 1075
"C:/Users/Owner/Documents/Unreal Projects/CMP304Project/Content/Levels/Level2.uexp" 1076
"C:/Users/Owner/Documents/Unreal Projects/CMP304Project/Content/Levels/Level2.umap" 1077
"C:/Users/Owner/Documents/Unreal Projects/CMP304Project/Content/Levels/Main/_Generated_/BPUCBFZOEZYRW3HD7V0A3GKD6.uexp" 1078
"C:/Users/Owner/Documents/Unreal Projects/CMP304Project/Content/Levels/Main/_Generated_/BPUCBFZOEZYRW3HD7V0A3GKD6.umap" 1079
"C:/Users/Owner/Documents/Unreal Projects/CMP304Project/Content/Levels/Main/_Generated_/BPAIFKZ8Q4R88TFM9H0Y1X6O6.uexp" 1080
"C:/Users/Owner/Documents/Unreal Projects/CMP304Project/Content/Levels/Main/_Generated_/BPAIFKZ8Q4R88TFM9H0Y1X6O6.umap" 1081
"C:/Users/Owner/Documents/Unreal Projects/CMP304Project/Content/Levels/Main/_Generated_/1NZWG73JUUBOKE46PC9EC25VD.uexp" 1082
"C:/Users/Owner/Documents/Unreal Projects/CMP304Project/Content/Levels/Main/_Generated_/1NZWG73JUUBOKE46PC9EC25VD.umap" 1083
